Archive member included to satisfy reference by file (symbol)

e:/stm32 cube ide/stm32cubeide_1.10.1/stm32cubeide/plugins/com.st.stm32cube.ide.mcu.externaltools.gnu-tools-for-stm32.10.3-2021.10.win32_1.0.0.202111181127/tools/bin/../lib/gcc/arm-none-eabi/10.3.1/../../../../arm-none-eabi/lib/thumb/v7e-m+fp/hard\libc_nano.a(lib_a-ctype_.o)
                              ./Core/Src/Internet/SNMP/snmp.o (_ctype_)
e:/stm32 cube ide/stm32cubeide_1.10.1/stm32cubeide/plugins/com.st.stm32cube.ide.mcu.externaltools.gnu-tools-for-stm32.10.3-2021.10.win32_1.0.0.202111181127/tools/bin/../lib/gcc/arm-none-eabi/10.3.1/../../../../arm-none-eabi/lib/thumb/v7e-m+fp/hard\libc_nano.a(lib_a-errno.o)
                              ./Core/Src/syscalls.o (__errno)
e:/stm32 cube ide/stm32cubeide_1.10.1/stm32cubeide/plugins/com.st.stm32cube.ide.mcu.externaltools.gnu-tools-for-stm32.10.3-2021.10.win32_1.0.0.202111181127/tools/bin/../lib/gcc/arm-none-eabi/10.3.1/../../../../arm-none-eabi/lib/thumb/v7e-m+fp/hard\libc_nano.a(lib_a-exit.o)
                              e:/stm32 cube ide/stm32cubeide_1.10.1/stm32cubeide/plugins/com.st.stm32cube.ide.mcu.externaltools.gnu-tools-for-stm32.10.3-2021.10.win32_1.0.0.202111181127/tools/bin/../lib/gcc/arm-none-eabi/10.3.1/../../../../arm-none-eabi/lib/thumb/v7e-m+fp/hard/crt0.o (exit)
e:/stm32 cube ide/stm32cubeide_1.10.1/stm32cubeide/plugins/com.st.stm32cube.ide.mcu.externaltools.gnu-tools-for-stm32.10.3-2021.10.win32_1.0.0.202111181127/tools/bin/../lib/gcc/arm-none-eabi/10.3.1/../../../../arm-none-eabi/lib/thumb/v7e-m+fp/hard\libc_nano.a(lib_a-impure.o)
                              e:/stm32 cube ide/stm32cubeide_1.10.1/stm32cubeide/plugins/com.st.stm32cube.ide.mcu.externaltools.gnu-tools-for-stm32.10.3-2021.10.win32_1.0.0.202111181127/tools/bin/../lib/gcc/arm-none-eabi/10.3.1/../../../../arm-none-eabi/lib/thumb/v7e-m+fp/hard\libc_nano.a(lib_a-exit.o) (_global_impure_ptr)
e:/stm32 cube ide/stm32cubeide_1.10.1/stm32cubeide/plugins/com.st.stm32cube.ide.mcu.externaltools.gnu-tools-for-stm32.10.3-2021.10.win32_1.0.0.202111181127/tools/bin/../lib/gcc/arm-none-eabi/10.3.1/../../../../arm-none-eabi/lib/thumb/v7e-m+fp/hard\libc_nano.a(lib_a-init.o)
                              e:/stm32 cube ide/stm32cubeide_1.10.1/stm32cubeide/plugins/com.st.stm32cube.ide.mcu.externaltools.gnu-tools-for-stm32.10.3-2021.10.win32_1.0.0.202111181127/tools/bin/../lib/gcc/arm-none-eabi/10.3.1/../../../../arm-none-eabi/lib/thumb/v7e-m+fp/hard/crt0.o (__libc_init_array)
e:/stm32 cube ide/stm32cubeide_1.10.1/stm32cubeide/plugins/com.st.stm32cube.ide.mcu.externaltools.gnu-tools-for-stm32.10.3-2021.10.win32_1.0.0.202111181127/tools/bin/../lib/gcc/arm-none-eabi/10.3.1/../../../../arm-none-eabi/lib/thumb/v7e-m+fp/hard\libc_nano.a(lib_a-malloc.o)
                              ./Core/Src/Internet/httpServer/httpServer.o (malloc)
e:/stm32 cube ide/stm32cubeide_1.10.1/stm32cubeide/plugins/com.st.stm32cube.ide.mcu.externaltools.gnu-tools-for-stm32.10.3-2021.10.win32_1.0.0.202111181127/tools/bin/../lib/gcc/arm-none-eabi/10.3.1/../../../../arm-none-eabi/lib/thumb/v7e-m+fp/hard\libc_nano.a(lib_a-memcmp.o)
                              ./Core/Src/Internet/MQTT/MQTTPacket/src/MQTTConnectServer.o (memcmp)
e:/stm32 cube ide/stm32cubeide_1.10.1/stm32cubeide/plugins/com.st.stm32cube.ide.mcu.externaltools.gnu-tools-for-stm32.10.3-2021.10.win32_1.0.0.202111181127/tools/bin/../lib/gcc/arm-none-eabi/10.3.1/../../../../arm-none-eabi/lib/thumb/v7e-m+fp/hard\libc_nano.a(lib_a-memcpy-stub.o)
                              ./Core/Src/Internet/MQTT/MQTTClient.o (memcpy)
e:/stm32 cube ide/stm32cubeide_1.10.1/stm32cubeide/plugins/com.st.stm32cube.ide.mcu.externaltools.gnu-tools-for-stm32.10.3-2021.10.win32_1.0.0.202111181127/tools/bin/../lib/gcc/arm-none-eabi/10.3.1/../../../../arm-none-eabi/lib/thumb/v7e-m+fp/hard\libc_nano.a(lib_a-memset.o)
                              e:/stm32 cube ide/stm32cubeide_1.10.1/stm32cubeide/plugins/com.st.stm32cube.ide.mcu.externaltools.gnu-tools-for-stm32.10.3-2021.10.win32_1.0.0.202111181127/tools/bin/../lib/gcc/arm-none-eabi/10.3.1/../../../../arm-none-eabi/lib/thumb/v7e-m+fp/hard/crt0.o (memset)
e:/stm32 cube ide/stm32cubeide_1.10.1/stm32cubeide/plugins/com.st.stm32cube.ide.mcu.externaltools.gnu-tools-for-stm32.10.3-2021.10.win32_1.0.0.202111181127/tools/bin/../lib/gcc/arm-none-eabi/10.3.1/../../../../arm-none-eabi/lib/thumb/v7e-m+fp/hard\libc_nano.a(lib_a-nano-freer.o)
                              e:/stm32 cube ide/stm32cubeide_1.10.1/stm32cubeide/plugins/com.st.stm32cube.ide.mcu.externaltools.gnu-tools-for-stm32.10.3-2021.10.win32_1.0.0.202111181127/tools/bin/../lib/gcc/arm-none-eabi/10.3.1/../../../../arm-none-eabi/lib/thumb/v7e-m+fp/hard\libc_nano.a(lib_a-malloc.o) (_free_r)
[...]
Memory Configuration

Name             Origin             Length             Attributes
RAM              0x0000000020000000 0x0000000000008000 xrw
FLASH            0x0000000008000000 0x0000000000020000 xr
*default*        0x0000000000000000 0xffffffffffffffff

Linker script and memory map

LOAD e:/stm32 cube ide/stm32cubeide_1.10.1/stm32cubeide/plugins/com.st.stm32cube.ide.mcu.externaltools.gnu-tools-for-stm32.10.3-2021.10.win32_1.0.0.202111181127/tools/bin/../lib/gcc/arm-none-eabi/10.3.1/thumb/v7e-m+fp/hard/crti.o
LOAD e:/stm32 cube ide/stm32cubeide_1.10.1/stm32cubeide/plugins/com.st.stm32cube.ide.mcu.externaltools.gnu-tools-for-stm32.10.3-2021.10.win32_1.0.0.202111181127/tools/bin/../lib/gcc/arm-none-eabi/10.3.1/thumb/v7e-m+fp/hard/crtbegin.o
LOAD e:/stm32 cube ide/stm32cubeide_1.10.1/stm32cubeide/plugins/com.st.stm32cube.ide.mcu.externaltools.gnu-tools-for-stm32.10.3-2021.10.win32_1.0.0.202111181127/tools/bin/../lib/gcc/arm-none-eabi/10.3.1/../../../../arm-none-eabi/lib/thumb/v7e-m+fp/hard/crt0.o
LOAD ./Core/Src/Ethernet/W5500/w5500.o
LOAD ./Core/Src/Ethernet/socket.o
LOAD ./Core/Src/Ethernet/w5500_spi.o
LOAD ./Core/Src/Ethernet/wizchip_conf.o
LOAD ./Core/Src/Internet/DHCP/dhcp.o
LOAD ./Core/Src/Internet/DNS/dns.o
LOAD ./Core/Src/Internet/MQTT/MQTTClient.o
LOAD ./Core/Src/Internet/MQTT/mqtt_interface.o
LOAD ./Core/Src/Internet/MQTT/MQTTPacket/src/MQTTConnectClient.o
LOAD ./Core/Src/Internet/MQTT/MQTTPacket/src/MQTTConnectServer.o
LOAD ./Core/Src/Internet/MQTT/MQTTPacket/src/MQTTDeserializePublish.o
LOAD ./Core/Src/Internet/MQTT/MQTTPacket/src/MQTTFormat.o
LOAD ./Core/Src/Internet/MQTT/MQTTPacket/src/MQTTPacket.o
LOAD ./Core/Src/Internet/MQTT/MQTTPacket/src/MQTTSerializePublish.o
LOAD ./Core/Src/Internet/MQTT/MQTTPacket/src/MQTTSubscribeClient.o
LOAD ./Core/Src/Internet/MQTT/MQTTPacket/src/MQTTSubscribeServer.o
LOAD ./Core/Src/Internet/MQTT/MQTTPacket/src/MQTTUnsubscribeClient.o
LOAD ./Core/Src/Internet/MQTT/MQTTPacket/src/MQTTUnsubscribeServer.o
LOAD ./Core/Src/Internet/SNMP/snmp.o
LOAD ./Core/Src/Internet/SNMP/snmp_custom.o
LOAD ./Core/Src/Internet/SNTP/sntp.o
LOAD ./Core/Src/Internet/TFTP/netutil.o
LOAD ./Core/Src/Internet/TFTP/tftp.o
LOAD ./Core/Src/Internet/httpServer/httpParser.o
LOAD ./Core/Src/Internet/httpServer/httpServer.o
LOAD ./Core/Src/Internet/httpServer/httpUtil.o
LOAD ./Core/Src/main.o
LOAD ./Core/Src/stm32f4xx_hal_msp.o
LOAD ./Core/Src/stm32f4xx_it.o
LOAD ./Core/Src/syscalls.o
LOAD ./Core/Src/sysmem.o
LOAD ./Core/Src/system_stm32f4xx.o
LOAD ./Core/Src/w5500_interface.o
LOAD ./Core/Startup/startup_stm32f410rbtx.o
LOAD ./Drivers/STM32F4xx_HAL_Driver/Src/stm32f4xx_hal.o
LOAD ./Drivers/STM32F4xx_HAL_Driver/Src/stm32f4xx_hal_cortex.o
LOAD ./Drivers/STM32F4xx_HAL_Driver/Src/stm32f4xx_hal_dma.o
LOAD ./Drivers/STM32F4xx_HAL_Driver/Src/stm32f4xx_hal_dma_ex.o
LOAD ./Drivers/STM32F4xx_HAL_Driver/Src/stm32f4xx_hal_exti.o
LOAD ./Drivers/STM32F4xx_HAL_Driver/Src/stm32f4xx_hal_flash.o
LOAD ./Drivers/STM32F4xx_HAL_Driver/Src/stm32f4xx_hal_flash_ex.o
LOAD ./Drivers/STM32F4xx_HAL_Driver/Src/stm32f4xx_hal_flash_ramfunc.o
LOAD ./Drivers/STM32F4xx_HAL_Driver/Src/stm32f4xx_hal_gpio.o
LOAD ./Drivers/STM32F4xx_HAL_Driver/Src/stm32f4xx_hal_pwr.o
LOAD ./Drivers/STM32F4xx_HAL_Driver/Src/stm32f4xx_hal_pwr_ex.o
LOAD ./Drivers/STM32F4xx_HAL_Driver/Src/stm32f4xx_hal_rcc.o
LOAD ./Drivers/STM32F4xx_HAL_Driver/Src/stm32f4xx_hal_rcc_ex.o
LOAD ./Drivers/STM32F4xx_HAL_Driver/Src/stm32f4xx_hal_spi.o
LOAD ./Drivers/STM32F4xx_HAL_Driver/Src/stm32f4xx_hal_tim.o
LOAD ./Drivers/STM32F4xx_HAL_Driver/Src/stm32f4xx_hal_tim_ex.o
LOAD ./Drivers/STM32F4xx_HAL_Driver/Src/stm32f4xx_hal_uart.o
START GROUP
LOAD e:/stm32 cube ide/stm32cubeide_1.10.1/stm32cubeide/plugins/com.st.stm32cube.ide.mcu.externaltools.gnu-tools-for-stm32.10.3-2021.10.win32_1.0.0.202111181127/tools/bin/../lib/gcc/arm-none-eabi/10.3.1/../../../../arm-none-eabi/lib/thumb/v7e-m+fp/hard\libc_nano.a
LOAD e:/stm32 cube ide/stm32cubeide_1.10.1/stm32cubeide/plugins/com.st.stm32cube.ide.mcu.externaltools.gnu-tools-for-stm32.10.3-2021.10.win32_1.0.0.202111181127/tools/bin/../lib/gcc/arm-none-eabi/10.3.1/../../../../arm-none-eabi/lib/thumb/v7e-m+fp/hard\libm.a
END GROUP
START GROUP
LOAD e:/stm32 cube ide/stm32cubeide_1.10.1/stm32cubeide/plugins/com.st.stm32cube.ide.mcu.externaltools.gnu-tools-for-stm32.10.3-2021.10.win32_1.0.0.202111181127/tools/bin/../lib/gcc/arm-none-eabi/10.3.1/thumb/v7e-m+fp/hard\libgcc.a
LOAD e:/stm32 cube ide/stm32cubeide_1.10.1/stm32cubeide/plugins/com.st.stm32cube.ide.mcu.externaltools.gnu-tools-for-stm32.10.3-2021.10.win32_1.0.0.202111181127/tools/bin/../lib/gcc/arm-none-eabi/10.3.1/../../../../arm-none-eabi/lib/thumb/v7e-m+fp/hard\libc_nano.a
END GROUP
START GROUP
LOAD e:/stm32 cube ide/stm32cubeide_1.10.1/stm32cubeide/plugins/com.st.stm32cube.ide.mcu.externaltools.gnu-tools-for-stm32.10.3-2021.10.win32_1.0.0.202111181127/tools/bin/../lib/gcc/arm-none-eabi/10.3.1/thumb/v7e-m+fp/hard\libgcc.a
LOAD e:/stm32 cube ide/stm32cubeide_1.10.1/stm32cubeide/plugins/com.st.stm32cube.ide.mcu.externaltools.gnu-tools-for-stm32.10.3-2021.10.win32_1.0.0.202111181127/tools/bin/../lib/gcc/arm-none-eabi/10.3.1/../../../../arm-none-eabi/lib/thumb/v7e-m+fp/hard\libc_nano.a
LOAD e:/stm32 cube ide/stm32cubeide_1.10.1/stm32cubeide/plugins/com.st.stm32cube.ide.mcu.externaltools.gnu-tools-for-stm32.10.3-2021.10.win32_1.0.0.202111181127/tools/bin/../lib/gcc/arm-none-eabi/10.3.1/../../../../arm-none-eabi/lib/thumb/v7e-m+fp/hard\libnosys.a
END GROUP
START GROUP
LOAD e:/stm32 cube ide/stm32cubeide_1.10.1/stm32cubeide/plugins/com.st.stm32cube.ide.mcu.externaltools.gnu-tools-for-stm32.10.3-2021.10.win32_1.0.0.202111181127/tools/bin/../lib/gcc/arm-none-eabi/10.3.1/thumb/v7e-m+fp/hard\libgcc.a
LOAD e:/stm32 cube ide/stm32cubeide_1.10.1/stm32cubeide/plugins/com.st.stm32cube.ide.mcu.externaltools.gnu-tools-for-stm32.10.3-2021.10.win32_1.0.0.202111181127/tools/bin/../lib/gcc/arm-none-eabi/10.3.1/../../../../arm-none-eabi/lib/thumb/v7e-m+fp/hard\libc_nano.a
LOAD e:/stm32 cube ide/stm32cubeide_1.10.1/stm32cubeide/plugins/com.st.stm32cube.ide.mcu.externaltools.gnu-tools-for-stm32.10.3-2021.10.win32_1.0.0.202111181127/tools/bin/../lib/gcc/arm-none-eabi/10.3.1/../../../../arm-none-eabi/lib/thumb/v7e-m+fp/hard\libnosys.a
END GROUP
LOAD e:/stm32 cube ide/stm32cubeide_1.10.1/stm32cubeide/plugins/com.st.stm32cube.ide.mcu.externaltools.gnu-tools-for-stm32.10.3-2021.10.win32_1.0.0.202111181127/tools/bin/../lib/gcc/arm-none-eabi/10.3.1/thumb/v7e-m+fp/hard/crtend.o
LOAD e:/stm32 cube ide/stm32cubeide_1.10.1/stm32cubeide/plugins/com.st.stm32cube.ide.mcu.externaltools.gnu-tools-for-stm32.10.3-2021.10.win32_1.0.0.202111181127/tools/bin/../lib/gcc/arm-none-eabi/10.3.1/thumb/v7e-m+fp/hard/crtn.o
                0x0000000020008000                _estack = (ORIGIN (RAM) + LENGTH (RAM))
                0x0000000000000200                _Min_Heap_Size = 0x200
                0x0000000000000400                _Min_Stack_Size = 0x400

.isr_vector     0x0000000008000000      0x1c8
                0x0000000008000000                . = ALIGN (0x4)
 *(.isr_vector)
 .isr_vector    0x0000000008000000      0x1c8 ./Core/Startup/startup_stm32f410rbtx.o
                0x0000000008000000                g_pfnVectors
                0x00000000080001c8                . = ALIGN (0x4)

.text           0x00000000080001d0     0x48f4
                0x00000000080001d0                . = ALIGN (0x4)
 *(.text)
 .text          0x00000000080001d0       0x40 e:/stm32 cube ide/stm32cubeide_1.10.1/stm32cubeide/plugins/com.st.stm32cube.ide.mcu.externaltools.gnu-tools-for-stm32.10.3-2021.10.win32_1.0.0.202111181127/tools/bin/../lib/gcc/arm-none-eabi/10.3.1/thumb/v7e-m+fp/hard/crtbegin.o
 .text          0x0000000008000210       0xa0 e:/stm32 cube ide/stm32cubeide_1.10.1/stm32cubeide/plugins/com.st.stm32cube.ide.mcu.externaltools.gnu-tools-for-stm32.10.3-2021.10.win32_1.0.0.202111181127/tools/bin/../lib/gcc/arm-none-eabi/10.3.1/../../../../arm-none-eabi/lib/thumb/v7e-m+fp/hard\libc_nano.a(lib_a-memchr.o)
                0x0000000008000210                memchr
 .text          0x00000000080002b0       0x30 e:/stm32 cube ide/stm32cubeide_1.10.1/stm32cubeide/plugins/com.st.stm32cube.ide.mcu.externaltools.gnu-tools-for-stm32.10.3-2021.10.win32_1.0.0.202111181127/tools/bin/../lib/gcc/arm-none-eabi/10.3.1/thumb/v7e-m+fp/hard\libgcc.a(_aeabi_uldivmod.o)
                0x00000000080002b0                __aeabi_uldivmod
 .text          0x00000000080002e0      0x2d0 e:/stm32 cube ide/stm32cubeide_1.10.1/stm32cubeide/plugins/com.st.stm32cube.ide.mcu.externaltools.gnu-tools-for-stm32.10.3-2021.10.win32_1.0.0.202111181127/tools/bin/../lib/gcc/arm-none-eabi/10.3.1/thumb/v7e-m+fp/hard\libgcc.a(_udivmoddi4.o)
                0x00000000080002e0                __udivmoddi4
 .text          0x00000000080005b0        0x4 e:/stm32 cube ide/stm32cubeide_1.10.1/stm32cubeide/plugins/com.st.stm32cube.ide.mcu.externaltools.gnu-tools-for-stm32.10.3-2021.10.win32_1.0.0.202111181127/tools/bin/../lib/gcc/arm-none-eabi/10.3.1/thumb/v7e-m+fp/hard\libgcc.a(_dvmd_tls.o)
                0x00000000080005b0                __aeabi_idiv0
                0x00000000080005b0                __aeabi_ldiv0
 *(.text*)
 .text.WIZCHIP_READ
                0x00000000080005b4       0x98 ./Core/Src/Ethernet/W5500/w5500.o
                0x00000000080005b4                WIZCHIP_READ
 .text.WIZCHIP_WRITE
                0x000000000800064c       0x9c ./Core/Src/Ethernet/W5500/w5500.o
                0x000000000800064c                WIZCHIP_WRITE
 .text.WIZCHIP_READ_BUF
                0x00000000080006e8       0xc0 ./Core/Src/Ethernet/W5500/w5500.o
                0x00000000080006e8                WIZCHIP_READ_BUF
 .text.WIZCHIP_WRITE_BUF
                0x00000000080007a8       0xc0 ./Core/Src/Ethernet/W5500/w5500.o
                0x00000000080007a8                WIZCHIP_WRITE_BUF
 .text.wizchip_cris_enter
                0x0000000008000868        0xe ./Core/Src/Ethernet/wizchip_conf.o
                0x0000000008000868                wizchip_cris_enter
 .text.wizchip_cris_exit
                0x0000000008000876        0xe ./Core/Src/Ethernet/wizchip_conf.o
                0x0000000008000876                wizchip_cris_exit
 .text.wizchip_cs_select
                0x0000000008000884        0xe ./Core/Src/Ethernet/wizchip_conf.o
                0x0000000008000884                wizchip_cs_select
 .text.wizchip_cs_deselect
                0x0000000008000892        0xe ./Core/Src/Ethernet/wizchip_conf.o
                0x0000000008000892                wizchip_cs_deselect
 .text.wizchip_bus_readdata
                0x00000000080008a0       0x1a ./Core/Src/Ethernet/wizchip_conf.o
                0x00000000080008a0                wizchip_bus_readdata
 .text.wizchip_bus_writedata
                0x00000000080008ba       0x1e ./Core/Src/Ethernet/wizchip_conf.o
                0x00000000080008ba                wizchip_bus_writedata
 .text.wizchip_spi_readbyte
                0x00000000080008d8       0x10 ./Core/Src/Ethernet/wizchip_conf.o
                0x00000000080008d8                wizchip_spi_readbyte
 .text.wizchip_spi_writebyte
                0x00000000080008e8       0x16 ./Core/Src/Ethernet/wizchip_conf.o
                0x00000000080008e8                wizchip_spi_writebyte
 .text.wizchip_spi_readburst
                0x00000000080008fe       0x18 ./Core/Src/Ethernet/wizchip_conf.o
                0x00000000080008fe                wizchip_spi_readburst
 .text.wizchip_spi_writeburst
                0x0000000008000916       0x18 ./Core/Src/Ethernet/wizchip_conf.o
                0x0000000008000916                wizchip_spi_writeburst
 *fill*         0x000000000800092e        0x2 
 .text.reg_wizchip_cs_cbfunc
                0x0000000008000930       0x4c ./Core/Src/Ethernet/wizchip_conf.o
                0x0000000008000930                reg_wizchip_cs_cbfunc
 .text.reg_wizchip_spi_cbfunc
                0x000000000800097c       0x58 ./Core/Src/Ethernet/wizchip_conf.o
                0x000000000800097c                reg_wizchip_spi_cbfunc
 .text.reg_wizchip_spiburst_cbfunc
                0x00000000080009d4       0x58 ./Core/Src/Ethernet/wizchip_conf.o
                0x00000000080009d4                reg_wizchip_spiburst_cbfunc
 .text.ctlwizchip
                0x0000000008000a2c      0x1c4 ./Core/Src/Ethernet/wizchip_conf.o
                0x0000000008000a2c                ctlwizchip
 .text.wizchip_sw_reset
                0x0000000008000bf0       0x98 ./Core/Src/Ethernet/wizchip_conf.o
                0x0000000008000bf0                wizchip_sw_reset
 .text.wizchip_init
                0x0000000008000c88      0x118 ./Core/Src/Ethernet/wizchip_conf.o
                0x0000000008000c88                wizchip_init
 .text.wizchip_clrinterrupt
                0x0000000008000da0       0x68 ./Core/Src/Ethernet/wizchip_conf.o
                0x0000000008000da0                wizchip_clrinterrupt
 .text.wizchip_getinterrupt
                0x0000000008000e08       0x4a ./Core/Src/Ethernet/wizchip_conf.o
                0x0000000008000e08                wizchip_getinterrupt
 .text.wizchip_setinterruptmask
                0x0000000008000e52       0x36 ./Core/Src/Ethernet/wizchip_conf.o
                0x0000000008000e52                wizchip_setinterruptmask
 .text.wizchip_getinterruptmask
                0x0000000008000e88       0x46 ./Core/Src/Ethernet/wizchip_conf.o
                0x0000000008000e88                wizchip_getinterruptmask
 .text.wizphy_getphylink
                0x0000000008000ece       0x2c ./Core/Src/Ethernet/wizchip_conf.o
                0x0000000008000ece                wizphy_getphylink
 .text.wizphy_getphypmode
                0x0000000008000efa       0x32 ./Core/Src/Ethernet/wizchip_conf.o
                0x0000000008000efa                wizphy_getphypmode
 .text.wizphy_reset
                0x0000000008000f2c       0x4e ./Core/Src/Ethernet/wizchip_conf.o
                0x0000000008000f2c                wizphy_reset
 .text.wizphy_setphyconf
                0x0000000008000f7a       0x84 ./Core/Src/Ethernet/wizchip_conf.o
                0x0000000008000f7a                wizphy_setphyconf
 .text.wizphy_getphyconf
                0x0000000008000ffe       0xd2 ./Core/Src/Ethernet/wizchip_conf.o
                0x0000000008000ffe                wizphy_getphyconf
 .text.wizphy_setphypmode
                0x00000000080010d0       0x94 ./Core/Src/Ethernet/wizchip_conf.o
                0x00000000080010d0                wizphy_setphypmode
 .text.wizchip_setnetinfo
                0x0000000008001164       0x80 ./Core/Src/Ethernet/wizchip_conf.o
                0x0000000008001164                wizchip_setnetinfo
 .text.main     0x00000000080011e4       0x4c ./Core/Src/main.o
                0x00000000080011e4                main
 .text.SystemClock_Config
                0x0000000008001230       0xd8 ./Core/Src/main.o
                0x0000000008001230                SystemClock_Config
 .text.MX_SPI2_Init
                0x0000000008001308       0x6c ./Core/Src/main.o
 .text.MX_USART2_UART_Init
                0x0000000008001374       0x54 ./Core/Src/main.o
 .text.MX_GPIO_Init
                0x00000000080013c8      0x130 ./Core/Src/main.o
 .text.Error_Handler
                0x00000000080014f8        0xa ./Core/Src/main.o
                0x00000000080014f8                Error_Handler
 *fill*         0x0000000008001502        0x2 
 .text.HAL_MspInit
                0x0000000008001504       0x50 ./Core/Src/stm32f4xx_hal_msp.o
                0x0000000008001504                HAL_MspInit
 .text.HAL_SPI_MspInit
                0x0000000008001554       0x90 ./Core/Src/stm32f4xx_hal_msp.o
                0x0000000008001554                HAL_SPI_MspInit
 .text.HAL_UART_MspInit
                0x00000000080015e4       0x90 ./Core/Src/stm32f4xx_hal_msp.o
                0x00000000080015e4                HAL_UART_MspInit
 .text.NMI_Handler
                0x0000000008001674        0x6 ./Core/Src/stm32f4xx_it.o
                0x0000000008001674                NMI_Handler
 .text.HardFault_Handler
                0x000000000800167a        0x6 ./Core/Src/stm32f4xx_it.o
                0x000000000800167a                HardFault_Handler
 .text.MemManage_Handler
                0x0000000008001680        0x6 ./Core/Src/stm32f4xx_it.o
                0x0000000008001680                MemManage_Handler
 .text.BusFault_Handler
                0x0000000008001686        0x6 ./Core/Src/stm32f4xx_it.o
                0x0000000008001686                BusFault_Handler
 .text.UsageFault_Handler
                0x000000000800168c        0x6 ./Core/Src/stm32f4xx_it.o
                0x000000000800168c                UsageFault_Handler
 .text.SVC_Handler
                0x0000000008001692        0xe ./Core/Src/stm32f4xx_it.o
                0x0000000008001692                SVC_Handler
 .text.DebugMon_Handler
                0x00000000080016a0        0xe ./Core/Src/stm32f4xx_it.o
                0x00000000080016a0                DebugMon_Handler
 .text.PendSV_Handler
                0x00000000080016ae        0xe ./Core/Src/stm32f4xx_it.o
                0x00000000080016ae                PendSV_Handler
 .text.SysTick_Handler
                0x00000000080016bc        0xc ./Core/Src/stm32f4xx_it.o
                0x00000000080016bc                SysTick_Handler
 .text._read    0x00000000080016c8       0x3a ./Core/Src/syscalls.o
                0x00000000080016c8                _read
 .text._write   0x0000000008001702       0x38 ./Core/Src/syscalls.o
                0x0000000008001702                _write
 .text._close   0x000000000800173a       0x18 ./Core/Src/syscalls.o
                0x000000000800173a                _close
 .text._fstat   0x0000000008001752       0x20 ./Core/Src/syscalls.o
                0x0000000008001752                _fstat
 .text._isatty  0x0000000008001772       0x16 ./Core/Src/syscalls.o
                0x0000000008001772                _isatty
 .text._lseek   0x0000000008001788       0x1a ./Core/Src/syscalls.o
                0x0000000008001788                _lseek
 *fill*         0x00000000080017a2        0x2 
 .text._sbrk    0x00000000080017a4       0x6c ./Core/Src/sysmem.o
                0x00000000080017a4                _sbrk
 .text.SystemInit
                0x0000000008001810       0x24 ./Core/Src/system_stm32f4xx.o
                0x0000000008001810                SystemInit
 .text.w5500_interface_setSPIHandle
                0x0000000008001834       0x30 ./Core/Src/w5500_interface.o
                0x0000000008001834                w5500_interface_setSPIHandle
 .text.w5500_interface_WriteBuff
                0x0000000008001864       0x28 ./Core/Src/w5500_interface.o
                0x0000000008001864                w5500_interface_WriteBuff
 .text.w5500_interface_ReadBuff
                0x000000000800188c       0x28 ./Core/Src/w5500_interface.o
                0x000000000800188c                w5500_interface_ReadBuff
 .text.w5500_interface_WriteByte
                0x00000000080018b4       0x24 ./Core/Src/w5500_interface.o
                0x00000000080018b4                w5500_interface_WriteByte
 .text.w5500_interface_ReadByte
                0x00000000080018d8       0x28 ./Core/Src/w5500_interface.o
                0x00000000080018d8                w5500_interface_ReadByte
 .text.w5500_interface_Select
                0x0000000008001900       0x18 ./Core/Src/w5500_interface.o
                0x0000000008001900                w5500_interface_Select
 .text.w5500_interface_DeSelect
                0x0000000008001918       0x18 ./Core/Src/w5500_interface.o
                0x0000000008001918                w5500_interface_DeSelect
 .text.w5500_interface_SetNetInfo
                0x0000000008001930       0x24 ./Core/Src/w5500_interface.o
                0x0000000008001930                w5500_interface_SetNetInfo
 .text.w5500_interface_Initialze
                0x0000000008001954       0x94 ./Core/Src/w5500_interface.o
                0x0000000008001954                w5500_interface_Initialze
 .text.Reset_Handler
                0x00000000080019e8       0x50 ./Core/Startup/startup_stm32f410rbtx.o
                0x00000000080019e8                Reset_Handler
 .text.Default_Handler
                0x0000000008001a38        0x2 ./Core/Startup/startup_stm32f410rbtx.o
                0x0000000008001a38                RTC_Alarm_IRQHandler
                0x0000000008001a38                EXTI2_IRQHandler
                0x0000000008001a38                FMPI2C1_EV_IRQHandler
                0x0000000008001a38                TIM1_CC_IRQHandler
                0x0000000008001a38                DMA2_Stream5_IRQHandler
                0x0000000008001a38                DMA1_Stream5_IRQHandler
                0x0000000008001a38                PVD_IRQHandler
                0x0000000008001a38                TAMP_STAMP_IRQHandler
                0x0000000008001a38                EXTI3_IRQHandler
                0x0000000008001a38                EXTI0_IRQHandler
                0x0000000008001a38                I2C2_EV_IRQHandler
                0x0000000008001a38                DMA1_Stream2_IRQHandler
                0x0000000008001a38                FPU_IRQHandler
                0x0000000008001a38                DMA2_Stream2_IRQHandler
                0x0000000008001a38                SPI1_IRQHandler
                0x0000000008001a38                TIM6_DAC_IRQHandler
                0x0000000008001a38                TIM1_BRK_TIM9_IRQHandler
                0x0000000008001a38                DMA2_Stream3_IRQHandler
                0x0000000008001a38                USART6_IRQHandler
                0x0000000008001a38                DMA2_Stream0_IRQHandler
                0x0000000008001a38                I2C1_EV_IRQHandler
                0x0000000008001a38                DMA1_Stream6_IRQHandler
                0x0000000008001a38                DMA1_Stream1_IRQHandler
                0x0000000008001a38                RCC_IRQHandler
                0x0000000008001a38                Default_Handler
                0x0000000008001a38                EXTI15_10_IRQHandler
                0x0000000008001a38                ADC_IRQHandler
                0x0000000008001a38                DMA1_Stream7_IRQHandler
                0x0000000008001a38                SPI5_IRQHandler
                0x0000000008001a38                TIM5_IRQHandler
                0x0000000008001a38                DMA2_Stream7_IRQHandler
                0x0000000008001a38                EXTI9_5_IRQHandler
                0x0000000008001a38                RTC_WKUP_IRQHandler
                0x0000000008001a38                SPI2_IRQHandler
                0x0000000008001a38                DMA1_Stream0_IRQHandler
                0x0000000008001a38                FMPI2C1_ER_IRQHandler
                0x0000000008001a38                EXTI4_IRQHandler
                0x0000000008001a38                RNG_IRQHandler
                0x0000000008001a38                TIM1_UP_IRQHandler
                0x0000000008001a38                WWDG_IRQHandler
                0x0000000008001a38                TIM1_TRG_COM_TIM11_IRQHandler
                0x0000000008001a38                EXTI1_IRQHandler
                0x0000000008001a38                USART2_IRQHandler
                0x0000000008001a38                I2C2_ER_IRQHandler
                0x0000000008001a38                DMA2_Stream1_IRQHandler
                0x0000000008001a38                FLASH_IRQHandler
                0x0000000008001a38                DMA2_Stream4_IRQHandler
                0x0000000008001a38                USART1_IRQHandler
                0x0000000008001a38                DMA1_Stream4_IRQHandler
                0x0000000008001a38                I2C1_ER_IRQHandler
                0x0000000008001a38                LPTIM1_IRQHandler
                0x0000000008001a38                DMA2_Stream6_IRQHandler
                0x0000000008001a38                DMA1_Stream3_IRQHandler
 *fill*         0x0000000008001a3a        0x2 
 .text.HAL_Init
                0x0000000008001a3c       0x44 ./Drivers/STM32F4xx_HAL_Driver/Src/stm32f4xx_hal.o
                0x0000000008001a3c                HAL_Init
 .text.HAL_InitTick
                0x0000000008001a80       0x60 ./Drivers/STM32F4xx_HAL_Driver/Src/stm32f4xx_hal.o
                0x0000000008001a80                HAL_InitTick
 .text.HAL_IncTick
                0x0000000008001ae0       0x28 ./Drivers/STM32F4xx_HAL_Driver/Src/stm32f4xx_hal.o
                0x0000000008001ae0                HAL_IncTick
 .text.HAL_GetTick
                0x0000000008001b08       0x18 ./Drivers/STM32F4xx_HAL_Driver/Src/stm32f4xx_hal.o
                0x0000000008001b08                HAL_GetTick
 .text.__NVIC_SetPriorityGrouping
                0x0000000008001b20       0x48 ./Drivers/STM32F4xx_HAL_Driver/Src/stm32f4xx_hal_cortex.o
 .text.__NVIC_GetPriorityGrouping
                0x0000000008001b68       0x1c ./Drivers/STM32F4xx_HAL_Driver/Src/stm32f4xx_hal_cortex.o
 .text.__NVIC_SetPriority
                0x0000000008001b84       0x54 ./Drivers/STM32F4xx_HAL_Driver/Src/stm32f4xx_hal_cortex.o
 .text.NVIC_EncodePriority
                0x0000000008001bd8       0x66 ./Drivers/STM32F4xx_HAL_Driver/Src/stm32f4xx_hal_cortex.o
 *fill*         0x0000000008001c3e        0x2 
 .text.SysTick_Config
                0x0000000008001c40       0x44 ./Drivers/STM32F4xx_HAL_Driver/Src/stm32f4xx_hal_cortex.o
 .text.HAL_NVIC_SetPriorityGrouping
                0x0000000008001c84       0x16 ./Drivers/STM32F4xx_HAL_Driver/Src/stm32f4xx_hal_cortex.o
                0x0000000008001c84                HAL_NVIC_SetPriorityGrouping
 .text.HAL_NVIC_SetPriority
                0x0000000008001c9a       0x38 ./Drivers/STM32F4xx_HAL_Driver/Src/stm32f4xx_hal_cortex.o
                0x0000000008001c9a                HAL_NVIC_SetPriority
 .text.HAL_SYSTICK_Config
                0x0000000008001cd2       0x18 ./Drivers/STM32F4xx_HAL_Driver/Src/stm32f4xx_hal_cortex.o
                0x0000000008001cd2                HAL_SYSTICK_Config
 *fill*         0x0000000008001cea        0x2 
 .text.HAL_GPIO_Init
                0x0000000008001cec      0x2e8 ./Drivers/STM32F4xx_HAL_Driver/Src/stm32f4xx_hal_gpio.o
                0x0000000008001cec                HAL_GPIO_Init
 .text.HAL_GPIO_WritePin
                0x0000000008001fd4       0x32 ./Drivers/STM32F4xx_HAL_Driver/Src/stm32f4xx_hal_gpio.o
                0x0000000008001fd4                HAL_GPIO_WritePin
 *fill*         0x0000000008002006        0x2 
 .text.HAL_RCC_ClockConfig
                0x0000000008002008      0x1cc ./Drivers/STM32F4xx_HAL_Driver/Src/stm32f4xx_hal_rcc.o
                0x0000000008002008                HAL_RCC_ClockConfig
 .text.HAL_RCC_GetSysClockFreq
                0x00000000080021d4      0x20c ./Drivers/STM32F4xx_HAL_Driver/Src/stm32f4xx_hal_rcc.o
                0x00000000080021d4                HAL_RCC_GetSysClockFreq
 .text.HAL_RCC_GetHCLKFreq
                0x00000000080023e0       0x18 ./Drivers/STM32F4xx_HAL_Driver/Src/stm32f4xx_hal_rcc.o
                0x00000000080023e0                HAL_RCC_GetHCLKFreq
 .text.HAL_RCC_GetPCLK1Freq
                0x00000000080023f8       0x28 ./Drivers/STM32F4xx_HAL_Driver/Src/stm32f4xx_hal_rcc.o
                0x00000000080023f8                HAL_RCC_GetPCLK1Freq
 .text.HAL_RCC_GetPCLK2Freq
                0x0000000008002420       0x28 ./Drivers/STM32F4xx_HAL_Driver/Src/stm32f4xx_hal_rcc.o
                0x0000000008002420                HAL_RCC_GetPCLK2Freq
 .text.HAL_RCC_OscConfig
                0x0000000008002448      0x508 ./Drivers/STM32F4xx_HAL_Driver/Src/stm32f4xx_hal_rcc_ex.o
                0x0000000008002448                HAL_RCC_OscConfig
 .text.HAL_SPI_Init
                0x0000000008002950      0x112 ./Drivers/STM32F4xx_HAL_Driver/Src/stm32f4xx_hal_spi.o
                0x0000000008002950                HAL_SPI_Init
 .text.HAL_SPI_Transmit
                0x0000000008002a62      0x278 ./Drivers/STM32F4xx_HAL_Driver/Src/stm32f4xx_hal_spi.o
                0x0000000008002a62                HAL_SPI_Transmit
 .text.HAL_SPI_Receive
                0x0000000008002cda      0x222 ./Drivers/STM32F4xx_HAL_Driver/Src/stm32f4xx_hal_spi.o
                0x0000000008002cda                HAL_SPI_Receive
 .text.HAL_SPI_TransmitReceive
                0x0000000008002efc      0x344 ./Drivers/STM32F4xx_HAL_Driver/Src/stm32f4xx_hal_spi.o
                0x0000000008002efc                HAL_SPI_TransmitReceive
 .text.SPI_WaitFlagStateUntilTimeout
                0x0000000008003240      0x110 ./Drivers/STM32F4xx_HAL_Driver/Src/stm32f4xx_hal_spi.o
 .text.SPI_EndRxTransaction
                0x0000000008003350       0xca ./Drivers/STM32F4xx_HAL_Driver/Src/stm32f4xx_hal_spi.o
 *fill*         0x000000000800341a        0x2 
 .text.SPI_EndRxTxTransaction
                0x000000000800341c       0x84 ./Drivers/STM32F4xx_HAL_Driver/Src/stm32f4xx_hal_spi.o
 .text.HAL_UART_Init
                0x00000000080034a0       0x9a ./Drivers/STM32F4xx_HAL_Driver/Src/stm32f4xx_hal_uart.o
                0x00000000080034a0                HAL_UART_Init
 *fill*         0x000000000800353a        0x2 
 .text.UART_SetConfig
                0x000000000800353c      0x4e8 ./Drivers/STM32F4xx_HAL_Driver/Src/stm32f4xx_hal_uart.o
 .text.__errno  0x0000000008003a24        0xc e:/stm32 cube ide/stm32cubeide_1.10.1/stm32cubeide/plugins/com.st.stm32cube.ide.mcu.externaltools.gnu-tools-for-stm32.10.3-2021.10.win32_1.0.0.202111181127/tools/bin/../lib/gcc/arm-none-eabi/10.3.1/../../../../arm-none-eabi/lib/thumb/v7e-m+fp/hard\libc_nano.a(lib_a-errno.o)
                0x0000000008003a24                __errno
 .text.__libc_init_array
                0x0000000008003a30       0x48 e:/stm32 cube ide/stm32cubeide_1.10.1/stm32cubeide/plugins/com.st.stm32cube.ide.mcu.externaltools.gnu-tools-for-stm32.10.3-2021.10.win32_1.0.0.202111181127/tools/bin/../lib/gcc/arm-none-eabi/10.3.1/../../../../arm-none-eabi/lib/thumb/v7e-m+fp/hard\libc_nano.a(lib_a-init.o)
                0x0000000008003a30                __libc_init_array
 .text.memcpy   0x0000000008003a78       0x1c e:/stm32 cube ide/stm32cubeide_1.10.1/stm32cubeide/plugins/com.st.stm32cube.ide.mcu.externaltools.gnu-tools-for-stm32.10.3-2021.10.win32_1.0.0.202111181127/tools/bin/../lib/gcc/arm-none-eabi/10.3.1/../../../../arm-none-eabi/lib/thumb/v7e-m+fp/hard\libc_nano.a(lib_a-memcpy-stub.o)
                0x0000000008003a78                memcpy
 .text.memset   0x0000000008003a94       0x10 e:/stm32 cube ide/stm32cubeide_1.10.1/stm32cubeide/plugins/com.st.stm32cube.ide.mcu.externaltools.gnu-tools-for-stm32.10.3-2021.10.win32_1.0.0.202111181127/tools/bin/../lib/gcc/arm-none-eabi/10.3.1/../../../../arm-none-eabi/lib/thumb/v7e-m+fp/hard\libc_nano.a(lib_a-memset.o)
                0x0000000008003a94                memset
 .text._free_r  0x0000000008003aa4       0x98 e:/stm32 cube ide/stm32cubeide_1.10.1/stm32cubeide/plugins/com.st.stm32cube.ide.mcu.externaltools.gnu-tools-for-stm32.10.3-2021.10.win32_1.0.0.202111181127/tools/bin/../lib/gcc/arm-none-eabi/10.3.1/../../../../arm-none-eabi/lib/thumb/v7e-m+fp/hard\libc_nano.a(lib_a-nano-freer.o)
                0x0000000008003aa4                _free_r
 .text.sbrk_aligned
                0x0000000008003b3c       0x40 e:/stm32 cube ide/stm32cubeide_1.10.1/stm32cubeide/plugins/com.st.stm32cube.ide.mcu.externaltools.gnu-tools-for-stm32.10.3-2021.10.win32_1.0.0.202111181127/tools/bin/../lib/gcc/arm-none-eabi/10.3.1/../../../../arm-none-eabi/lib/thumb/v7e-m+fp/hard\libc_nano.a(lib_a-nano-mallocr.o)
 .text._malloc_r
                0x0000000008003b7c       0xe8 e:/stm32 cube ide/stm32cubeide_1.10.1/stm32cubeide/plugins/com.st.stm32cube.ide.mcu.externaltools.gnu-tools-for-stm32.10.3-2021.10.win32_1.0.0.202111181127/tools/bin/../lib/gcc/arm-none-eabi/10.3.1/../../../../arm-none-eabi/lib/thumb/v7e-m+fp/hard\libc_nano.a(lib_a-nano-mallocr.o)
                0x0000000008003b7c                _malloc_r
 .text.printf   0x0000000008003c64       0x30 e:/stm32 cube ide/stm32cubeide_1.10.1/stm32cubeide/plugins/com.st.stm32cube.ide.mcu.externaltools.gnu-tools-for-stm32.10.3-2021.10.win32_1.0.0.202111181127/tools/bin/../lib/gcc/arm-none-eabi/10.3.1/../../../../arm-none-eabi/lib/thumb/v7e-m+fp/hard\libc_nano.a(lib_a-printf.o)
                0x0000000008003c64                iprintf
                0x0000000008003c64                printf
 .text._puts_r  0x0000000008003c94       0xdc e:/stm32 cube ide/stm32cubeide_1.10.1/stm32cubeide/plugins/com.st.stm32cube.ide.mcu.externaltools.gnu-tools-for-stm32.10.3-2021.10.win32_1.0.0.202111181127/tools/bin/../lib/gcc/arm-none-eabi/10.3.1/../../../../arm-none-eabi/lib/thumb/v7e-m+fp/hard\libc_nano.a(lib_a-puts.o)
                0x0000000008003c94                _puts_r
 .text.puts     0x0000000008003d70       0x10 e:/stm32 cube ide/stm32cubeide_1.10.1/stm32cubeide/plugins/com.st.stm32cube.ide.mcu.externaltools.gnu-tools-for-stm32.10.3-2021.10.win32_1.0.0.202111181127/tools/bin/../lib/gcc/arm-none-eabi/10.3.1/../../../../arm-none-eabi/lib/thumb/v7e-m+fp/hard\libc_nano.a(lib_a-puts.o)
                0x0000000008003d70                puts
 .text._sbrk_r  0x0000000008003d80       0x20 e:/stm32 cube ide/stm32cubeide_1.10.1/stm32cubeide/plugins/com.st.stm32cube.ide.mcu.externaltools.gnu-tools-for-stm32.10.3-2021.10.win32_1.0.0.202111181127/tools/bin/../lib/gcc/arm-none-eabi/10.3.1/../../../../arm-none-eabi/lib/thumb/v7e-m+fp/hard\libc_nano.a(lib_a-sbrkr.o)
                0x0000000008003d80                _sbrk_r
 .text.__sread  0x0000000008003da0       0x22 e:/stm32 cube ide/stm32cubeide_1.10.1/stm32cubeide/plugins/com.st.stm32cube.ide.mcu.externaltools.gnu-tools-for-stm32.10.3-2021.10.win32_1.0.0.202111181127/tools/bin/../lib/gcc/arm-none-eabi/10.3.1/../../../../arm-none-eabi/lib/thumb/v7e-m+fp/hard\libc_nano.a(lib_a-stdio.o)
                0x0000000008003da0                __sread
 .text.__swrite
                0x0000000008003dc2       0x38 e:/stm32 cube ide/stm32cubeide_1.10.1/stm32cubeide/plugins/com.st.stm32cube.ide.mcu.externaltools.gnu-tools-for-stm32.10.3-2021.10.win32_1.0.0.202111181127/tools/bin/../lib/gcc/arm-none-eabi/10.3.1/../../../../arm-none-eabi/lib/thumb/v7e-m+fp/hard\libc_nano.a(lib_a-stdio.o)
                0x0000000008003dc2                __swrite
 .text.__sseek  0x0000000008003dfa       0x24 e:/stm32 cube ide/stm32cubeide_1.10.1/stm32cubeide/plugins/com.st.stm32cube.ide.mcu.externaltools.gnu-tools-for-stm32.10.3-2021.10.win32_1.0.0.202111181127/tools/bin/../lib/gcc/arm-none-eabi/10.3.1/../../../../arm-none-eabi/lib/thumb/v7e-m+fp/hard\libc_nano.a(lib_a-stdio.o)
                0x0000000008003dfa                __sseek
 .text.__sclose
                0x0000000008003e1e        0x8 e:/stm32 cube ide/stm32cubeide_1.10.1/stm32cubeide/plugins/com.st.stm32cube.ide.mcu.externaltools.gnu-tools-for-stm32.10.3-2021.10.win32_1.0.0.202111181127/tools/bin/../lib/gcc/arm-none-eabi/10.3.1/../../../../arm-none-eabi/lib/thumb/v7e-m+fp/hard\libc_nano.a(lib_a-stdio.o)
                0x0000000008003e1e                __sclose
 *fill*         0x0000000008003e26        0x2 
 .text.__swbuf_r
                0x0000000008003e28       0xa4 e:/stm32 cube ide/stm32cubeide_1.10.1/stm32cubeide/plugins/com.st.stm32cube.ide.mcu.externaltools.gnu-tools-for-stm32.10.3-2021.10.win32_1.0.0.202111181127/tools/bin/../lib/gcc/arm-none-eabi/10.3.1/../../../../arm-none-eabi/lib/thumb/v7e-m+fp/hard\libc_nano.a(lib_a-wbuf.o)
                0x0000000008003e28                __swbuf_r
 .text._write_r
                0x0000000008003ecc       0x24 e:/stm32 cube ide/stm32cubeide_1.10.1/stm32cubeide/plugins/com.st.stm32cube.ide.mcu.externaltools.gnu-tools-for-stm32.10.3-2021.10.win32_1.0.0.202111181127/tools/bin/../lib/gcc/arm-none-eabi/10.3.1/../../../../arm-none-eabi/lib/thumb/v7e-m+fp/hard\libc_nano.a(lib_a-writer.o)
                0x0000000008003ecc                _write_r
 .text.__swsetup_r
                0x0000000008003ef0       0xdc e:/stm32 cube ide/stm32cubeide_1.10.1/stm32cubeide/plugins/com.st.stm32cube.ide.mcu.externaltools.gnu-tools-for-stm32.10.3-2021.10.win32_1.0.0.202111181127/tools/bin/../lib/gcc/arm-none-eabi/10.3.1/../../../../arm-none-eabi/lib/thumb/v7e-m+fp/hard\libc_nano.a(lib_a-wsetup.o)
                0x0000000008003ef0                __swsetup_r
 .text._close_r
                0x0000000008003fcc       0x20 e:/stm32 cube ide/stm32cubeide_1.10.1/stm32cubeide/plugins/com.st.stm32cube.ide.mcu.externaltools.gnu-tools-for-stm32.10.3-2021.10.win32_1.0.0.202111181127/tools/bin/../lib/gcc/arm-none-eabi/10.3.1/../../../../arm-none-eabi/lib/thumb/v7e-m+fp/hard\libc_nano.a(lib_a-closer.o)
                0x0000000008003fcc                _close_r
 .text.__sflush_r
                0x0000000008003fec      0x10c e:/stm32 cube ide/stm32cubeide_1.10.1/stm32cubeide/plugins/com.st.stm32cube.ide.mcu.externaltools.gnu-tools-for-stm32.10.3-2021.10.win32_1.0.0.202111181127/tools/bin/../lib/gcc/arm-none-eabi/10.3.1/../../../../arm-none-eabi/lib/thumb/v7e-m+fp/hard\libc_nano.a(lib_a-fflush.o)
                0x0000000008003fec                __sflush_r
 .text._fflush_r
                0x00000000080040f8       0x78 e:/stm32 cube ide/stm32cubeide_1.10.1/stm32cubeide/plugins/com.st.stm32cube.ide.mcu.externaltools.gnu-tools-for-stm32.10.3-2021.10.win32_1.0.0.202111181127/tools/bin/../lib/gcc/arm-none-eabi/10.3.1/../../../../arm-none-eabi/lib/thumb/v7e-m+fp/hard\libc_nano.a(lib_a-fflush.o)
                0x00000000080040f8                _fflush_r
 .text.std      0x0000000008004170       0x48 e:/stm32 cube ide/stm32cubeide_1.10.1/stm32cubeide/plugins/com.st.stm32cube.ide.mcu.externaltools.gnu-tools-for-stm32.10.3-2021.10.win32_1.0.0.202111181127/tools/bin/../lib/gcc/arm-none-eabi/10.3.1/../../../../arm-none-eabi/lib/thumb/v7e-m+fp/hard\libc_nano.a(lib_a-findfp.o)
 .text._cleanup_r
                0x00000000080041b8        0xc e:/stm32 cube ide/stm32cubeide_1.10.1/stm32cubeide/plugins/com.st.stm32cube.ide.mcu.externaltools.gnu-tools-for-stm32.10.3-2021.10.win32_1.0.0.202111181127/tools/bin/../lib/gcc/arm-none-eabi/10.3.1/../../../../arm-none-eabi/lib/thumb/v7e-m+fp/hard\libc_nano.a(lib_a-findfp.o)
                0x00000000080041b8                _cleanup_r
 .text.__sfmoreglue
                0x00000000080041c4       0x2c e:/stm32 cube ide/stm32cubeide_1.10.1/stm32cubeide/plugins/com.st.stm32cube.ide.mcu.externaltools.gnu-tools-for-stm32.10.3-2021.10.win32_1.0.0.202111181127/tools/bin/../lib/gcc/arm-none-eabi/10.3.1/../../../../arm-none-eabi/lib/thumb/v7e-m+fp/hard\libc_nano.a(lib_a-findfp.o)
                0x00000000080041c4                __sfmoreglue
 .text.__sfp_lock_acquire
                0x00000000080041f0        0xc e:/stm32 cube ide/stm32cubeide_1.10.1/stm32cubeide/plugins/com.st.stm32cube.ide.mcu.externaltools.gnu-tools-for-stm32.10.3-2021.10.win32_1.0.0.202111181127/tools/bin/../lib/gcc/arm-none-eabi/10.3.1/../../../../arm-none-eabi/lib/thumb/v7e-m+fp/hard\libc_nano.a(lib_a-findfp.o)
                0x00000000080041f0                __sfp_lock_acquire
 .text.__sfp_lock_release
                0x00000000080041fc        0xc e:/stm32 cube ide/stm32cubeide_1.10.1/stm32cubeide/plugins/com.st.stm32cube.ide.mcu.externaltools.gnu-tools-for-stm32.10.3-2021.10.win32_1.0.0.202111181127/tools/bin/../lib/gcc/arm-none-eabi/10.3.1/../../../../arm-none-eabi/lib/thumb/v7e-m+fp/hard\libc_nano.a(lib_a-findfp.o)
                0x00000000080041fc                __sfp_lock_release
 .text.__sinit_lock_acquire
                0x0000000008004208        0xc e:/stm32 cube ide/stm32cubeide_1.10.1/stm32cubeide/plugins/com.st.stm32cube.ide.mcu.externaltools.gnu-tools-for-stm32.10.3-2021.10.win32_1.0.0.202111181127/tools/bin/../lib/gcc/arm-none-eabi/10.3.1/../../../../arm-none-eabi/lib/thumb/v7e-m+fp/hard\libc_nano.a(lib_a-findfp.o)
                0x0000000008004208                __sinit_lock_acquire
 .text.__sinit_lock_release
                0x0000000008004214        0xc e:/stm32 cube ide/stm32cubeide_1.10.1/stm32cubeide/plugins/com.st.stm32cube.ide.mcu.externaltools.gnu-tools-for-stm32.10.3-2021.10.win32_1.0.0.202111181127/tools/bin/../lib/gcc/arm-none-eabi/10.3.1/../../../../arm-none-eabi/lib/thumb/v7e-m+fp/hard\libc_nano.a(lib_a-findfp.o)
                0x0000000008004214                __sinit_lock_release
 .text.__sinit  0x0000000008004220       0x70 e:/stm32 cube ide/stm32cubeide_1.10.1/stm32cubeide/plugins/com.st.stm32cube.ide.mcu.externaltools.gnu-tools-for-stm32.10.3-2021.10.win32_1.0.0.202111181127/tools/bin/../lib/gcc/arm-none-eabi/10.3.1/../../../../arm-none-eabi/lib/thumb/v7e-m+fp/hard\libc_nano.a(lib_a-findfp.o)
                0x0000000008004220                __sinit
 .text.__sfp    0x0000000008004290       0x8c e:/stm32 cube ide/stm32cubeide_1.10.1/stm32cubeide/plugins/com.st.stm32cube.ide.mcu.externaltools.gnu-tools-for-stm32.10.3-2021.10.win32_1.0.0.202111181127/tools/bin/../lib/gcc/arm-none-eabi/10.3.1/../../../../arm-none-eabi/lib/thumb/v7e-m+fp/hard\libc_nano.a(lib_a-findfp.o)
                0x0000000008004290                __sfp
 .text._fwalk_reent
                0x000000000800431c       0x3e e:/stm32 cube ide/stm32cubeide_1.10.1/stm32cubeide/plugins/com.st.stm32cube.ide.mcu.externaltools.gnu-tools-for-stm32.10.3-2021.10.win32_1.0.0.202111181127/tools/bin/../lib/gcc/arm-none-eabi/10.3.1/../../../../arm-none-eabi/lib/thumb/v7e-m+fp/hard\libc_nano.a(lib_a-fwalk.o)
                0x000000000800431c                _fwalk_reent
 .text.__retarget_lock_init_recursive
                0x000000000800435a        0x2 e:/stm32 cube ide/stm32cubeide_1.10.1/stm32cubeide/plugins/com.st.stm32cube.ide.mcu.externaltools.gnu-tools-for-stm32.10.3-2021.10.win32_1.0.0.202111181127/tools/bin/../lib/gcc/arm-none-eabi/10.3.1/../../../../arm-none-eabi/lib/thumb/v7e-m+fp/hard\libc_nano.a(lib_a-lock.o)
                0x000000000800435a                __retarget_lock_init_recursive
 .text.__retarget_lock_acquire_recursive
                0x000000000800435c        0x2 e:/stm32 cube ide/stm32cubeide_1.10.1/stm32cubeide/plugins/com.st.stm32cube.ide.mcu.externaltools.gnu-tools-for-stm32.10.3-2021.10.win32_1.0.0.202111181127/tools/bin/../lib/gcc/arm-none-eabi/10.3.1/../../../../arm-none-eabi/lib/thumb/v7e-m+fp/hard\libc_nano.a(lib_a-lock.o)
                0x000000000800435c                __retarget_lock_acquire_recursive
 .text.__retarget_lock_release_recursive
                0x000000000800435e        0x2 e:/stm32 cube ide/stm32cubeide_1.10.1/stm32cubeide/plugins/com.st.stm32cube.ide.mcu.externaltools.gnu-tools-for-stm32.10.3-2021.10.win32_1.0.0.202111181127/tools/bin/../lib/gcc/arm-none-eabi/10.3.1/../../../../arm-none-eabi/lib/thumb/v7e-m+fp/hard\libc_nano.a(lib_a-lock.o)
                0x000000000800435e                __retarget_lock_release_recursive
 .text._lseek_r
                0x0000000008004360       0x24 e:/stm32 cube ide/stm32cubeide_1.10.1/stm32cubeide/plugins/com.st.stm32cube.ide.mcu.externaltools.gnu-tools-for-stm32.10.3-2021.10.win32_1.0.0.202111181127/tools/bin/../lib/gcc/arm-none-eabi/10.3.1/../../../../arm-none-eabi/lib/thumb/v7e-m+fp/hard\libc_nano.a(lib_a-lseekr.o)
                0x0000000008004360                _lseek_r
 .text.__swhatbuf_r
                0x0000000008004384       0x4a e:/stm32 cube ide/stm32cubeide_1.10.1/stm32cubeide/plugins/com.st.stm32cube.ide.mcu.externaltools.gnu-tools-for-stm32.10.3-2021.10.win32_1.0.0.202111181127/tools/bin/../lib/gcc/arm-none-eabi/10.3.1/../../../../arm-none-eabi/lib/thumb/v7e-m+fp/hard\libc_nano.a(lib_a-makebuf.o)
                0x0000000008004384                __swhatbuf_r
 *fill*         0x00000000080043ce        0x2 
 .text.__smakebuf_r
                0x00000000080043d0       0x80 e:/stm32 cube ide/stm32cubeide_1.10.1/stm32cubeide/plugins/com.st.stm32cube.ide.mcu.externaltools.gnu-tools-for-stm32.10.3-2021.10.win32_1.0.0.202111181127/tools/bin/../lib/gcc/arm-none-eabi/10.3.1/../../../../arm-none-eabi/lib/thumb/v7e-m+fp/hard\libc_nano.a(lib_a-makebuf.o)
                0x00000000080043d0                __smakebuf_r
 .text.__malloc_lock
                0x0000000008004450        0xc e:/stm32 cube ide/stm32cubeide_1.10.1/stm32cubeide/plugins/com.st.stm32cube.ide.mcu.externaltools.gnu-tools-for-stm32.10.3-2021.10.win32_1.0.0.202111181127/tools/bin/../lib/gcc/arm-none-eabi/10.3.1/../../../../arm-none-eabi/lib/thumb/v7e-m+fp/hard\libc_nano.a(lib_a-mlock.o)
                0x0000000008004450                __malloc_lock
 .text.__malloc_unlock
                0x000000000800445c        0xc e:/stm32 cube ide/stm32cubeide_1.10.1/stm32cubeide/plugins/com.st.stm32cube.ide.mcu.externaltools.gnu-tools-for-stm32.10.3-2021.10.win32_1.0.0.202111181127/tools/bin/../lib/gcc/arm-none-eabi/10.3.1/../../../../arm-none-eabi/lib/thumb/v7e-m+fp/hard\libc_nano.a(lib_a-mlock.o)
                0x000000000800445c                __malloc_unlock
 .text.__sfputc_r
                0x0000000008004468       0x2e e:/stm32 cube ide/stm32cubeide_1.10.1/stm32cubeide/plugins/com.st.stm32cube.ide.mcu.externaltools.gnu-tools-for-stm32.10.3-2021.10.win32_1.0.0.202111181127/tools/bin/../lib/gcc/arm-none-eabi/10.3.1/../../../../arm-none-eabi/lib/thumb/v7e-m+fp/hard\libc_nano.a(lib_a-nano-vfprintf.o)
 .text.__sfputs_r
                0x0000000008004496       0x24 e:/stm32 cube ide/stm32cubeide_1.10.1/stm32cubeide/plugins/com.st.stm32cube.ide.mcu.externaltools.gnu-tools-for-stm32.10.3-2021.10.win32_1.0.0.202111181127/tools/bin/../lib/gcc/arm-none-eabi/10.3.1/../../../../arm-none-eabi/lib/thumb/v7e-m+fp/hard\libc_nano.a(lib_a-nano-vfprintf.o)
                0x0000000008004496                __sfputs_r
 *fill*         0x00000000080044ba        0x2 
 .text._vfprintf_r
                0x00000000080044bc      0x260 e:/stm32 cube ide/stm32cubeide_1.10.1/stm32cubeide/plugins/com.st.stm32cube.ide.mcu.externaltools.gnu-tools-for-stm32.10.3-2021.10.win32_1.0.0.202111181127/tools/bin/../lib/gcc/arm-none-eabi/10.3.1/../../../../arm-none-eabi/lib/thumb/v7e-m+fp/hard\libc_nano.a(lib_a-nano-vfprintf.o)
                0x00000000080044bc                _vfprintf_r
                0x00000000080044bc                _vfiprintf_r
 .text._printf_common
                0x000000000800471c       0xda e:/stm32 cube ide/stm32cubeide_1.10.1/stm32cubeide/plugins/com.st.stm32cube.ide.mcu.externaltools.gnu-tools-for-stm32.10.3-2021.10.win32_1.0.0.202111181127/tools/bin/../lib/gcc/arm-none-eabi/10.3.1/../../../../arm-none-eabi/lib/thumb/v7e-m+fp/hard\libc_nano.a(lib_a-nano-vfprintf_i.o)
                0x000000000800471c                _printf_common
 *fill*         0x00000000080047f6        0x2 
 .text._printf_i
                0x00000000080047f8      0x24c e:/stm32 cube ide/stm32cubeide_1.10.1/stm32cubeide/plugins/com.st.stm32cube.ide.mcu.externaltools.gnu-tools-for-stm32.10.3-2021.10.win32_1.0.0.202111181127/tools/bin/../lib/gcc/arm-none-eabi/10.3.1/../../../../arm-none-eabi/lib/thumb/v7e-m+fp/hard\libc_nano.a(lib_a-nano-vfprintf_i.o)
                0x00000000080047f8                _printf_i
 .text._read_r  0x0000000008004a44       0x24 e:/stm32 cube ide/stm32cubeide_1.10.1/stm32cubeide/plugins/com.st.stm32cube.ide.mcu.externaltools.gnu-tools-for-stm32.10.3-2021.10.win32_1.0.0.202111181127/tools/bin/../lib/gcc/arm-none-eabi/10.3.1/../../../../arm-none-eabi/lib/thumb/v7e-m+fp/hard\libc_nano.a(lib_a-readr.o)
                0x0000000008004a44                _read_r
 .text._fstat_r
                0x0000000008004a68       0x24 e:/stm32 cube ide/stm32cubeide_1.10.1/stm32cubeide/plugins/com.st.stm32cube.ide.mcu.externaltools.gnu-tools-for-stm32.10.3-2021.10.win32_1.0.0.202111181127/tools/bin/../lib/gcc/arm-none-eabi/10.3.1/../../../../arm-none-eabi/lib/thumb/v7e-m+fp/hard\libc_nano.a(lib_a-fstatr.o)
                0x0000000008004a68                _fstat_r
 .text._isatty_r
                0x0000000008004a8c       0x20 e:/stm32 cube ide/stm32cubeide_1.10.1/stm32cubeide/plugins/com.st.stm32cube.ide.mcu.externaltools.gnu-tools-for-stm32.10.3-2021.10.win32_1.0.0.202111181127/tools/bin/../lib/gcc/arm-none-eabi/10.3.1/../../../../arm-none-eabi/lib/thumb/v7e-m+fp/hard\libc_nano.a(lib_a-isattyr.o)
                0x0000000008004a8c                _isatty_r
 *(.glue_7)
 .glue_7        0x0000000008004aac        0x0 linker stubs
 *(.glue_7t)
 .glue_7t       0x0000000008004aac        0x0 linker stubs
 *(.eh_frame)
 .eh_frame      0x0000000008004aac        0x0 e:/stm32 cube ide/stm32cubeide_1.10.1/stm32cubeide/plugins/com.st.stm32cube.ide.mcu.externaltools.gnu-tools-for-stm32.10.3-2021.10.win32_1.0.0.202111181127/tools/bin/../lib/gcc/arm-none-eabi/10.3.1/thumb/v7e-m+fp/hard/crtbegin.o
 *(.init)
 .init          0x0000000008004aac        0x4 e:/stm32 cube ide/stm32cubeide_1.10.1/stm32cubeide/plugins/com.st.stm32cube.ide.mcu.externaltools.gnu-tools-for-stm32.10.3-2021.10.win32_1.0.0.202111181127/tools/bin/../lib/gcc/arm-none-eabi/10.3.1/thumb/v7e-m+fp/hard/crti.o
                0x0000000008004aac                _init
 .init          0x0000000008004ab0        0x8 e:/stm32 cube ide/stm32cubeide_1.10.1/stm32cubeide/plugins/com.st.stm32cube.ide.mcu.externaltools.gnu-tools-for-stm32.10.3-2021.10.win32_1.0.0.202111181127/tools/bin/../lib/gcc/arm-none-eabi/10.3.1/thumb/v7e-m+fp/hard/crtn.o
 *(.fini)
 .fini          0x0000000008004ab8        0x4 e:/stm32 cube ide/stm32cubeide_1.10.1/stm32cubeide/plugins/com.st.stm32cube.ide.mcu.externaltools.gnu-tools-for-stm32.10.3-2021.10.win32_1.0.0.202111181127/tools/bin/../lib/gcc/arm-none-eabi/10.3.1/thumb/v7e-m+fp/hard/crti.o
                0x0000000008004ab8                _fini
 .fini          0x0000000008004abc        0x8 e:/stm32 cube ide/stm32cubeide_1.10.1/stm32cubeide/plugins/com.st.stm32cube.ide.mcu.externaltools.gnu-tools-for-stm32.10.3-2021.10.win32_1.0.0.202111181127/tools/bin/../lib/gcc/arm-none-eabi/10.3.1/thumb/v7e-m+fp/hard/crtn.o
                0x0000000008004ac4                . = ALIGN (0x4)
                0x0000000008004ac4                _etext = .

.vfp11_veneer   0x0000000008004ac4        0x0
 .vfp11_veneer  0x0000000008004ac4        0x0 linker stubs

.v4_bx          0x0000000008004ac4        0x0
 .v4_bx         0x0000000008004ac4        0x0 linker stubs

.iplt           0x0000000008004ac4        0x0
 .iplt          0x0000000008004ac4        0x0 e:/stm32 cube ide/stm32cubeide_1.10.1/stm32cubeide/plugins/com.st.stm32cube.ide.mcu.externaltools.gnu-tools-for-stm32.10.3-2021.10.win32_1.0.0.202111181127/tools/bin/../lib/gcc/arm-none-eabi/10.3.1/thumb/v7e-m+fp/hard/crtbegin.o

.rodata         0x0000000008004ac4      0x110
                0x0000000008004ac4                . = ALIGN (0x4)
 *(.rodata)
 .rodata        0x0000000008004ac4       0x18 ./Core/Src/main.o
 .rodata        0x0000000008004adc       0x48 ./Core/Src/w5500_interface.o
 *(.rodata*)
 .rodata.AHBPrescTable
                0x0000000008004b24       0x10 ./Core/Src/system_stm32f4xx.o
                0x0000000008004b24                AHBPrescTable
 .rodata.APBPrescTable
                0x0000000008004b34        0x8 ./Core/Src/system_stm32f4xx.o
                0x0000000008004b34                APBPrescTable
 .rodata._global_impure_ptr
                0x0000000008004b3c        0x4 e:/stm32 cube ide/stm32cubeide_1.10.1/stm32cubeide/plugins/com.st.stm32cube.ide.mcu.externaltools.gnu-tools-for-stm32.10.3-2021.10.win32_1.0.0.202111181127/tools/bin/../lib/gcc/arm-none-eabi/10.3.1/../../../../arm-none-eabi/lib/thumb/v7e-m+fp/hard\libc_nano.a(lib_a-impure.o)
                0x0000000008004b3c                _global_impure_ptr
 .rodata.__sf_fake_stderr
                0x0000000008004b40       0x20 e:/stm32 cube ide/stm32cubeide_1.10.1/stm32cubeide/plugins/com.st.stm32cube.ide.mcu.externaltools.gnu-tools-for-stm32.10.3-2021.10.win32_1.0.0.202111181127/tools/bin/../lib/gcc/arm-none-eabi/10.3.1/../../../../arm-none-eabi/lib/thumb/v7e-m+fp/hard\libc_nano.a(lib_a-findfp.o)
                0x0000000008004b40                __sf_fake_stderr
 .rodata.__sf_fake_stdin
                0x0000000008004b60       0x20 e:/stm32 cube ide/stm32cubeide_1.10.1/stm32cubeide/plugins/com.st.stm32cube.ide.mcu.externaltools.gnu-tools-for-stm32.10.3-2021.10.win32_1.0.0.202111181127/tools/bin/../lib/gcc/arm-none-eabi/10.3.1/../../../../arm-none-eabi/lib/thumb/v7e-m+fp/hard\libc_nano.a(lib_a-findfp.o)
                0x0000000008004b60                __sf_fake_stdin
 .rodata.__sf_fake_stdout
                0x0000000008004b80       0x20 e:/stm32 cube ide/stm32cubeide_1.10.1/stm32cubeide/plugins/com.st.stm32cube.ide.mcu.externaltools.gnu-tools-for-stm32.10.3-2021.10.win32_1.0.0.202111181127/tools/bin/../lib/gcc/arm-none-eabi/10.3.1/../../../../arm-none-eabi/lib/thumb/v7e-m+fp/hard\libc_nano.a(lib_a-findfp.o)
                0x0000000008004b80                __sf_fake_stdout
 .rodata._vfprintf_r.str1.1
                0x0000000008004ba0       0x11 e:/stm32 cube ide/stm32cubeide_1.10.1/stm32cubeide/plugins/com.st.stm32cube.ide.mcu.externaltools.gnu-tools-for-stm32.10.3-2021.10.win32_1.0.0.202111181127/tools/bin/../lib/gcc/arm-none-eabi/10.3.1/../../../../arm-none-eabi/lib/thumb/v7e-m+fp/hard\libc_nano.a(lib_a-nano-vfprintf.o)
 .rodata._printf_i.str1.1
                0x0000000008004bb1       0x22 e:/stm32 cube ide/stm32cubeide_1.10.1/stm32cubeide/plugins/com.st.stm32cube.ide.mcu.externaltools.gnu-tools-for-stm32.10.3-2021.10.win32_1.0.0.202111181127/tools/bin/../lib/gcc/arm-none-eabi/10.3.1/../../../../arm-none-eabi/lib/thumb/v7e-m+fp/hard\libc_nano.a(lib_a-nano-vfprintf_i.o)
                0x0000000008004bd4                . = ALIGN (0x4)
 *fill*         0x0000000008004bd3        0x1 

.ARM.extab      0x0000000008004bd4        0x0
                0x0000000008004bd4                . = ALIGN (0x4)
 *(.ARM.extab* .gnu.linkonce.armextab.*)
                0x0000000008004bd4                . = ALIGN (0x4)

.ARM            0x0000000008004bd4        0x8
                0x0000000008004bd4                . = ALIGN (0x4)
                0x0000000008004bd4                __exidx_start = .
 *(.ARM.exidx*)
 .ARM.exidx     0x0000000008004bd4        0x8 e:/stm32 cube ide/stm32cubeide_1.10.1/stm32cubeide/plugins/com.st.stm32cube.ide.mcu.externaltools.gnu-tools-for-stm32.10.3-2021.10.win32_1.0.0.202111181127/tools/bin/../lib/gcc/arm-none-eabi/10.3.1/thumb/v7e-m+fp/hard\libgcc.a(_udivmoddi4.o)
                0x0000000008004bdc                __exidx_end = .
                0x0000000008004bdc                . = ALIGN (0x4)

.rel.dyn        0x0000000008004bdc        0x0
 .rel.iplt      0x0000000008004bdc        0x0 e:/stm32 cube ide/stm32cubeide_1.10.1/stm32cubeide/plugins/com.st.stm32cube.ide.mcu.externaltools.gnu-tools-for-stm32.10.3-2021.10.win32_1.0.0.202111181127/tools/bin/../lib/gcc/arm-none-eabi/10.3.1/thumb/v7e-m+fp/hard/crtbegin.o

.preinit_array  0x0000000008004bdc        0x0
                0x0000000008004bdc                . = ALIGN (0x4)
                0x0000000008004bdc                PROVIDE (__preinit_array_start = .)
 *(.preinit_array*)
                0x0000000008004bdc                PROVIDE (__preinit_array_end = .)
                0x0000000008004bdc                . = ALIGN (0x4)

.init_array     0x0000000008004bdc        0x4
                0x0000000008004bdc                . = ALIGN (0x4)
                0x0000000008004bdc                PROVIDE (__init_array_start = .)
 *(SORT_BY_NAME(.init_array.*))
 *(.init_array*)
 .init_array    0x0000000008004bdc        0x4 e:/stm32 cube ide/stm32cubeide_1.10.1/stm32cubeide/plugins/com.st.stm32cube.ide.mcu.externaltools.gnu-tools-for-stm32.10.3-2021.10.win32_1.0.0.202111181127/tools/bin/../lib/gcc/arm-none-eabi/10.3.1/thumb/v7e-m+fp/hard/crtbegin.o
                0x0000000008004be0                PROVIDE (__init_array_end = .)
                0x0000000008004be0                . = ALIGN (0x4)

.fini_array     0x0000000008004be0        0x4
                0x0000000008004be0                . = ALIGN (0x4)
                [!provide]                        PROVIDE (__fini_array_start = .)
 *(SORT_BY_NAME(.fini_array.*))
 *(.fini_array*)
 .fini_array    0x0000000008004be0        0x4 e:/stm32 cube ide/stm32cubeide_1.10.1/stm32cubeide/plugins/com.st.stm32cube.ide.mcu.externaltools.gnu-tools-for-stm32.10.3-2021.10.win32_1.0.0.202111181127/tools/bin/../lib/gcc/arm-none-eabi/10.3.1/thumb/v7e-m+fp/hard/crtbegin.o
                [!provide]                        PROVIDE (__fini_array_end = .)
                0x0000000008004be4                . = ALIGN (0x4)
                0x0000000008004be4                _sidata = LOADADDR (.data)

.data           0x0000000020000000       0xbc load address 0x0000000008004be4
                0x0000000020000000                . = ALIGN (0x4)
                0x0000000020000000                _sdata = .
 *(.data)
 *(.data*)
 .data.WIZCHIP  0x0000000020000000       0x2c ./Core/Src/Ethernet/wizchip_conf.o
                0x0000000020000000                WIZCHIP
 .data.SystemCoreClock
                0x000000002000002c        0x4 ./Core/Src/system_stm32f4xx.o
                0x000000002000002c                SystemCoreClock
 .data.mac_address
                0x0000000020000030        0x6 ./Core/Src/w5500_interface.o
                0x0000000020000030                mac_address
 *fill*         0x0000000020000036        0x2 
 .data.gWIZNETINFO
                0x0000000020000038       0x17 ./Core/Src/w5500_interface.o
                0x0000000020000038                gWIZNETINFO
 *fill*         0x000000002000004f        0x1 
 .data.uwTickPrio
                0x0000000020000050        0x4 ./Drivers/STM32F4xx_HAL_Driver/Src/stm32f4xx_hal.o
                0x0000000020000050                uwTickPrio
 .data.uwTickFreq
                0x0000000020000054        0x1 ./Drivers/STM32F4xx_HAL_Driver/Src/stm32f4xx_hal.o
                0x0000000020000054                uwTickFreq
 *fill*         0x0000000020000055        0x3 
 .data._impure_ptr
                0x0000000020000058        0x4 e:/stm32 cube ide/stm32cubeide_1.10.1/stm32cubeide/plugins/com.st.stm32cube.ide.mcu.externaltools.gnu-tools-for-stm32.10.3-2021.10.win32_1.0.0.202111181127/tools/bin/../lib/gcc/arm-none-eabi/10.3.1/../../../../arm-none-eabi/lib/thumb/v7e-m+fp/hard\libc_nano.a(lib_a-impure.o)
                0x0000000020000058                _impure_ptr
 .data.impure_data
                0x000000002000005c       0x60 e:/stm32 cube ide/stm32cubeide_1.10.1/stm32cubeide/plugins/com.st.stm32cube.ide.mcu.externaltools.gnu-tools-for-stm32.10.3-2021.10.win32_1.0.0.202111181127/tools/bin/../lib/gcc/arm-none-eabi/10.3.1/../../../../arm-none-eabi/lib/thumb/v7e-m+fp/hard\libc_nano.a(lib_a-impure.o)
 *(.RamFunc)
 *(.RamFunc*)
                0x00000000200000bc                . = ALIGN (0x4)
                0x00000000200000bc                _edata = .

.igot.plt       0x00000000200000bc        0x0 load address 0x0000000008004ca0
 .igot.plt      0x00000000200000bc        0x0 e:/stm32 cube ide/stm32cubeide_1.10.1/stm32cubeide/plugins/com.st.stm32cube.ide.mcu.externaltools.gnu-tools-for-stm32.10.3-2021.10.win32_1.0.0.202111181127/tools/bin/../lib/gcc/arm-none-eabi/10.3.1/thumb/v7e-m+fp/hard/crtbegin.o
                0x00000000200000bc                . = ALIGN (0x4)

.bss            0x00000000200000bc      0x130 load address 0x0000000008004ca0
                0x00000000200000bc                _sbss = .
                0x00000000200000bc                __bss_start__ = _sbss
 *(.bss)
 .bss           0x00000000200000bc       0x1c e:/stm32 cube ide/stm32cubeide_1.10.1/stm32cubeide/plugins/com.st.stm32cube.ide.mcu.externaltools.gnu-tools-for-stm32.10.3-2021.10.win32_1.0.0.202111181127/tools/bin/../lib/gcc/arm-none-eabi/10.3.1/thumb/v7e-m+fp/hard/crtbegin.o
 *(.bss*)
 .bss._DNS_     0x00000000200000d8        0x4 ./Core/Src/Ethernet/wizchip_conf.o
 .bss._DHCP_    0x00000000200000dc        0x1 ./Core/Src/Ethernet/wizchip_conf.o
 *fill*         0x00000000200000dd        0x3 
 .bss.hspi2     0x00000000200000e0       0x58 ./Core/Src/main.o
                0x00000000200000e0                hspi2
 .bss.huart2    0x0000000020000138       0x44 ./Core/Src/main.o
                0x0000000020000138                huart2
 .bss.__sbrk_heap_end
                0x000000002000017c        0x4 ./Core/Src/sysmem.o
 .bss.handle_spi
                0x0000000020000180       0x58 ./Core/Src/w5500_interface.o
                0x0000000020000180                handle_spi
 .bss.uwTick    0x00000000200001d8        0x4 ./Drivers/STM32F4xx_HAL_Driver/Src/stm32f4xx_hal.o
                0x00000000200001d8                uwTick
 .bss.__malloc_free_list
                0x00000000200001dc        0x4 e:/stm32 cube ide/stm32cubeide_1.10.1/stm32cubeide/plugins/com.st.stm32cube.ide.mcu.externaltools.gnu-tools-for-stm32.10.3-2021.10.win32_1.0.0.202111181127/tools/bin/../lib/gcc/arm-none-eabi/10.3.1/../../../../arm-none-eabi/lib/thumb/v7e-m+fp/hard\libc_nano.a(lib_a-nano-mallocr.o)
                0x00000000200001dc                __malloc_free_list
 .bss.__malloc_sbrk_start
                0x00000000200001e0        0x4 e:/stm32 cube ide/stm32cubeide_1.10.1/stm32cubeide/plugins/com.st.stm32cube.ide.mcu.externaltools.gnu-tools-for-stm32.10.3-2021.10.win32_1.0.0.202111181127/tools/bin/../lib/gcc/arm-none-eabi/10.3.1/../../../../arm-none-eabi/lib/thumb/v7e-m+fp/hard\libc_nano.a(lib_a-nano-mallocr.o)
                0x00000000200001e0                __malloc_sbrk_start
 .bss.__lock___malloc_recursive_mutex
                0x00000000200001e4        0x1 e:/stm32 cube ide/stm32cubeide_1.10.1/stm32cubeide/plugins/com.st.stm32cube.ide.mcu.externaltools.gnu-tools-for-stm32.10.3-2021.10.win32_1.0.0.202111181127/tools/bin/../lib/gcc/arm-none-eabi/10.3.1/../../../../arm-none-eabi/lib/thumb/v7e-m+fp/hard\libc_nano.a(lib_a-lock.o)
                0x00000000200001e4                __lock___malloc_recursive_mutex
 .bss.__lock___sfp_recursive_mutex
                0x00000000200001e5        0x1 e:/stm32 cube ide/stm32cubeide_1.10.1/stm32cubeide/plugins/com.st.stm32cube.ide.mcu.externaltools.gnu-tools-for-stm32.10.3-2021.10.win32_1.0.0.202111181127/tools/bin/../lib/gcc/arm-none-eabi/10.3.1/../../../../arm-none-eabi/lib/thumb/v7e-m+fp/hard\libc_nano.a(lib_a-lock.o)
                0x00000000200001e5                __lock___sfp_recursive_mutex
 .bss.__lock___sinit_recursive_mutex
                0x00000000200001e6        0x1 e:/stm32 cube ide/stm32cubeide_1.10.1/stm32cubeide/plugins/com.st.stm32cube.ide.mcu.externaltools.gnu-tools-for-stm32.10.3-2021.10.win32_1.0.0.202111181127/tools/bin/../lib/gcc/arm-none-eabi/10.3.1/../../../../arm-none-eabi/lib/thumb/v7e-m+fp/hard\libc_nano.a(lib_a-lock.o)
                0x00000000200001e6                __lock___sinit_recursive_mutex
 *fill*         0x00000000200001e7        0x1 
 .bss.errno     0x00000000200001e8        0x4 e:/stm32 cube ide/stm32cubeide_1.10.1/stm32cubeide/plugins/com.st.stm32cube.ide.mcu.externaltools.gnu-tools-for-stm32.10.3-2021.10.win32_1.0.0.202111181127/tools/bin/../lib/gcc/arm-none-eabi/10.3.1/../../../../arm-none-eabi/lib/thumb/v7e-m+fp/hard\libc_nano.a(lib_a-reent.o)
                0x00000000200001e8                errno
 *(COMMON)
                0x00000000200001ec                . = ALIGN (0x4)
                0x00000000200001ec                _ebss = .
                0x00000000200001ec                __bss_end__ = _ebss

._user_heap_stack
                0x00000000200001ec      0x604 load address 0x0000000008004ca0
                0x00000000200001f0                . = ALIGN (0x8)
 *fill*         0x00000000200001ec        0x4 
                [!provide]                        PROVIDE (end = .)
                0x00000000200001f0                PROVIDE (_end = .)
                0x00000000200003f0                . = (. + _Min_Heap_Size)
 *fill*         0x00000000200001f0      0x200 
                0x00000000200007f0                . = (. + _Min_Stack_Size)
 *fill*         0x00000000200003f0      0x400 
                0x00000000200007f0                . = ALIGN (0x8)

/DISCARD/
 libc.a(*)
 libm.a(*)
 libgcc.a(*)

.ARM.attributes
                0x0000000000000000       0x30
 *(.ARM.attributes)
 .ARM.attributes
                0x0000000000000000       0x1e e:/stm32 cube ide/stm32cubeide_1.10.1/stm32cubeide/plugins/com.st.stm32cube.ide.mcu.externaltools.gnu-tools-for-stm32.10.3-2021.10.win32_1.0.0.202111181127/tools/bin/../lib/gcc/arm-none-eabi/10.3.1/thumb/v7e-m+fp/hard/crti.o
 .ARM.attributes
                0x000000000000001e       0x34 e:/stm32 cube ide/stm32cubeide_1.10.1/stm32cubeide/plugins/com.st.stm32cube.ide.mcu.externaltools.gnu-tools-for-stm32.10.3-2021.10.win32_1.0.0.202111181127/tools/bin/../lib/gcc/arm-none-eabi/10.3.1/thumb/v7e-m+fp/hard/crtbegin.o
 .ARM.attributes
                0x0000000000000052       0x34 ./Core/Src/Ethernet/W5500/w5500.o
 .ARM.attributes
                0x0000000000000086       0x34 ./Core/Src/Ethernet/wizchip_conf.o
 .ARM.attributes
                0x00000000000000ba       0x34 ./Core/Src/main.o
 .ARM.attributes
                0x00000000000000ee       0x34 ./Core/Src/stm32f4xx_hal_msp.o
 .ARM.attributes
                0x0000000000000122       0x34 ./Core/Src/stm32f4xx_it.o
 .ARM.attributes
                0x0000000000000156       0x34 ./Core/Src/syscalls.o
 .ARM.attributes
                0x000000000000018a       0x34 ./Core/Src/sysmem.o
 .ARM.attributes
                0x00000000000001be       0x34 ./Core/Src/system_stm32f4xx.o
 .ARM.attributes
                0x00000000000001f2       0x34 ./Core/Src/w5500_interface.o
 .ARM.attributes
                0x0000000000000226       0x21 ./Core/Startup/startup_stm32f410rbtx.o
 .ARM.attributes
                0x0000000000000247       0x34 ./Drivers/STM32F4xx_HAL_Driver/Src/stm32f4xx_hal.o
 .ARM.attributes
                0x000000000000027b       0x34 ./Drivers/STM32F4xx_HAL_Driver/Src/stm32f4xx_hal_cortex.o
 .ARM.attributes
                0x00000000000002af       0x34 ./Drivers/STM32F4xx_HAL_Driver/Src/stm32f4xx_hal_gpio.o
 .ARM.attributes
                0x00000000000002e3       0x34 ./Drivers/STM32F4xx_HAL_Driver/Src/stm32f4xx_hal_rcc.o
 .ARM.attributes
                0x0000000000000317       0x34 ./Drivers/STM32F4xx_HAL_Driver/Src/stm32f4xx_hal_rcc_ex.o
 .ARM.attributes
                0x000000000000034b       0x34 ./Drivers/STM32F4xx_HAL_Driver/Src/stm32f4xx_hal_spi.o
 .ARM.attributes
                0x000000000000037f       0x34 ./Drivers/STM32F4xx_HAL_Driver/Src/stm32f4xx_hal_uart.o
 .ARM.attributes
                0x00000000000003b3       0x34 e:/stm32 cube ide/stm32cubeide_1.10.1/stm32cubeide/plugins/com.st.stm32cube.ide.mcu.externaltools.gnu-tools-for-stm32.10.3-2021.10.win32_1.0.0.202111181127/tools/bin/../lib/gcc/arm-none-eabi/10.3.1/../../../../arm-none-eabi/lib/thumb/v7e-m+fp/hard\libc_nano.a(lib_a-errno.o)
 .ARM.attributes
                0x00000000000003e7       0x34 e:/stm32 cube ide/stm32cubeide_1.10.1/stm32cubeide/plugins/com.st.stm32cube.ide.mcu.externaltools.gnu-tools-for-stm32.10.3-2021.10.win32_1.0.0.202111181127/tools/bin/../lib/gcc/arm-none-eabi/10.3.1/../../../../arm-none-eabi/lib/thumb/v7e-m+fp/hard\libc_nano.a(lib_a-impure.o)
 .ARM.attributes
                0x000000000000041b       0x34 e:/stm32 cube ide/stm32cubeide_1.10.1/stm32cubeide/plugins/com.st.stm32cube.ide.mcu.externaltools.gnu-tools-for-stm32.10.3-2021.10.win32_1.0.0.202111181127/tools/bin/../lib/gcc/arm-none-eabi/10.3.1/../../../../arm-none-eabi/lib/thumb/v7e-m+fp/hard\libc_nano.a(lib_a-init.o)
 .ARM.attributes
                0x000000000000044f       0x34 e:/stm32 cube ide/stm32cubeide_1.10.1/stm32cubeide/plugins/com.st.stm32cube.ide.mcu.externaltools.gnu-tools-for-stm32.10.3-2021.10.win32_1.0.0.202111181127/tools/bin/../lib/gcc/arm-none-eabi/10.3.1/../../../../arm-none-eabi/lib/thumb/v7e-m+fp/hard\libc_nano.a(lib_a-memcpy-stub.o)
 .ARM.attributes
                0x0000000000000483       0x34 e:/stm32 cube ide/stm32cubeide_1.10.1/stm32cubeide/plugins/com.st.stm32cube.ide.mcu.externaltools.gnu-tools-for-stm32.10.3-2021.10.win32_1.0.0.202111181127/tools/bin/../lib/gcc/arm-none-eabi/10.3.1/../../../../arm-none-eabi/lib/thumb/v7e-m+fp/hard\libc_nano.a(lib_a-memset.o)
 .ARM.attributes
                0x00000000000004b7       0x34 e:/stm32 cube ide/stm32cubeide_1.10.1/stm32cubeide/plugins/com.st.stm32cube.ide.mcu.externaltools.gnu-tools-for-stm32.10.3-2021.10.win32_1.0.0.202111181127/tools/bin/../lib/gcc/arm-none-eabi/10.3.1/../../../../arm-none-eabi/lib/thumb/v7e-m+fp/hard\libc_nano.a(lib_a-nano-freer.o)
 .ARM.attributes
                0x00000000000004eb       0x34 e:/stm32 cube ide/stm32cubeide_1.10.1/stm32cubeide/plugins/com.st.stm32cube.ide.mcu.externaltools.gnu-tools-for-stm32.10.3-2021.10.win32_1.0.0.202111181127/tools/bin/../lib/gcc/arm-none-eabi/10.3.1/../../../../arm-none-eabi/lib/thumb/v7e-m+fp/hard\libc_nano.a(lib_a-nano-mallocr.o)
 .ARM.attributes
                0x000000000000051f       0x34 e:/stm32 cube ide/stm32cubeide_1.10.1/stm32cubeide/plugins/com.st.stm32cube.ide.mcu.externaltools.gnu-tools-for-stm32.10.3-2021.10.win32_1.0.0.202111181127/tools/bin/../lib/gcc/arm-none-eabi/10.3.1/../../../../arm-none-eabi/lib/thumb/v7e-m+fp/hard\libc_nano.a(lib_a-printf.o)
 .ARM.attributes
                0x0000000000000553       0x34 e:/stm32 cube ide/stm32cubeide_1.10.1/stm32cubeide/plugins/com.st.stm32cube.ide.mcu.externaltools.gnu-tools-for-stm32.10.3-2021.10.win32_1.0.0.202111181127/tools/bin/../lib/gcc/arm-none-eabi/10.3.1/../../../../arm-none-eabi/lib/thumb/v7e-m+fp/hard\libc_nano.a(lib_a-puts.o)
 .ARM.attributes
                0x0000000000000587       0x34 e:/stm32 cube ide/stm32cubeide_1.10.1/stm32cubeide/plugins/com.st.stm32cube.ide.mcu.externaltools.gnu-tools-for-stm32.10.3-2021.10.win32_1.0.0.202111181127/tools/bin/../lib/gcc/arm-none-eabi/10.3.1/../../../../arm-none-eabi/lib/thumb/v7e-m+fp/hard\libc_nano.a(lib_a-sbrkr.o)
 .ARM.attributes
                0x00000000000005bb       0x34 e:/stm32 cube ide/stm32cubeide_1.10.1/stm32cubeide/plugins/com.st.stm32cube.ide.mcu.externaltools.gnu-tools-for-stm32.10.3-2021.10.win32_1.0.0.202111181127/tools/bin/../lib/gcc/arm-none-eabi/10.3.1/../../../../arm-none-eabi/lib/thumb/v7e-m+fp/hard\libc_nano.a(lib_a-stdio.o)
 .ARM.attributes
                0x00000000000005ef       0x34 e:/stm32 cube ide/stm32cubeide_1.10.1/stm32cubeide/plugins/com.st.stm32cube.ide.mcu.externaltools.gnu-tools-for-stm32.10.3-2021.10.win32_1.0.0.202111181127/tools/bin/../lib/gcc/arm-none-eabi/10.3.1/../../../../arm-none-eabi/lib/thumb/v7e-m+fp/hard\libc_nano.a(lib_a-wbuf.o)
 .ARM.attributes
                0x0000000000000623       0x34 e:/stm32 cube ide/stm32cubeide_1.10.1/stm32cubeide/plugins/com.st.stm32cube.ide.mcu.externaltools.gnu-tools-for-stm32.10.3-2021.10.win32_1.0.0.202111181127/tools/bin/../lib/gcc/arm-none-eabi/10.3.1/../../../../arm-none-eabi/lib/thumb/v7e-m+fp/hard\libc_nano.a(lib_a-writer.o)
 .ARM.attributes
                0x0000000000000657       0x34 e:/stm32 cube ide/stm32cubeide_1.10.1/stm32cubeide/plugins/com.st.stm32cube.ide.mcu.externaltools.gnu-tools-for-stm32.10.3-2021.10.win32_1.0.0.202111181127/tools/bin/../lib/gcc/arm-none-eabi/10.3.1/../../../../arm-none-eabi/lib/thumb/v7e-m+fp/hard\libc_nano.a(lib_a-wsetup.o)
 .ARM.attributes
                0x000000000000068b       0x34 e:/stm32 cube ide/stm32cubeide_1.10.1/stm32cubeide/plugins/com.st.stm32cube.ide.mcu.externaltools.gnu-tools-for-stm32.10.3-2021.10.win32_1.0.0.202111181127/tools/bin/../lib/gcc/arm-none-eabi/10.3.1/../../../../arm-none-eabi/lib/thumb/v7e-m+fp/hard\libc_nano.a(lib_a-closer.o)
 .ARM.attributes
                0x00000000000006bf       0x34 e:/stm32 cube ide/stm32cubeide_1.10.1/stm32cubeide/plugins/com.st.stm32cube.ide.mcu.externaltools.gnu-tools-for-stm32.10.3-2021.10.win32_1.0.0.202111181127/tools/bin/../lib/gcc/arm-none-eabi/10.3.1/../../../../arm-none-eabi/lib/thumb/v7e-m+fp/hard\libc_nano.a(lib_a-fflush.o)
 .ARM.attributes
                0x00000000000006f3       0x34 e:/stm32 cube ide/stm32cubeide_1.10.1/stm32cubeide/plugins/com.st.stm32cube.ide.mcu.externaltools.gnu-tools-for-stm32.10.3-2021.10.win32_1.0.0.202111181127/tools/bin/../lib/gcc/arm-none-eabi/10.3.1/../../../../arm-none-eabi/lib/thumb/v7e-m+fp/hard\libc_nano.a(lib_a-findfp.o)
 .ARM.attributes
                0x0000000000000727       0x34 e:/stm32 cube ide/stm32cubeide_1.10.1/stm32cubeide/plugins/com.st.stm32cube.ide.mcu.externaltools.gnu-tools-for-stm32.10.3-2021.10.win32_1.0.0.202111181127/tools/bin/../lib/gcc/arm-none-eabi/10.3.1/../../../../arm-none-eabi/lib/thumb/v7e-m+fp/hard\libc_nano.a(lib_a-fwalk.o)
 .ARM.attributes
                0x000000000000075b       0x34 e:/stm32 cube ide/stm32cubeide_1.10.1/stm32cubeide/plugins/com.st.stm32cube.ide.mcu.externaltools.gnu-tools-for-stm32.10.3-2021.10.win32_1.0.0.202111181127/tools/bin/../lib/gcc/arm-none-eabi/10.3.1/../../../../arm-none-eabi/lib/thumb/v7e-m+fp/hard\libc_nano.a(lib_a-lock.o)
 .ARM.attributes
                0x000000000000078f       0x34 e:/stm32 cube ide/stm32cubeide_1.10.1/stm32cubeide/plugins/com.st.stm32cube.ide.mcu.externaltools.gnu-tools-for-stm32.10.3-2021.10.win32_1.0.0.202111181127/tools/bin/../lib/gcc/arm-none-eabi/10.3.1/../../../../arm-none-eabi/lib/thumb/v7e-m+fp/hard\libc_nano.a(lib_a-lseekr.o)
 .ARM.attributes
                0x00000000000007c3       0x34 e:/stm32 cube ide/stm32cubeide_1.10.1/stm32cubeide/plugins/com.st.stm32cube.ide.mcu.externaltools.gnu-tools-for-stm32.10.3-2021.10.win32_1.0.0.202111181127/tools/bin/../lib/gcc/arm-none-eabi/10.3.1/../../../../arm-none-eabi/lib/thumb/v7e-m+fp/hard\libc_nano.a(lib_a-makebuf.o)
 .ARM.attributes
                0x00000000000007f7       0x34 e:/stm32 cube ide/stm32cubeide_1.10.1/stm32cubeide/plugins/com.st.stm32cube.ide.mcu.externaltools.gnu-tools-for-stm32.10.3-2021.10.win32_1.0.0.202111181127/tools/bin/../lib/gcc/arm-none-eabi/10.3.1/../../../../arm-none-eabi/lib/thumb/v7e-m+fp/hard\libc_nano.a(lib_a-mlock.o)
 .ARM.attributes
                0x000000000000082b       0x34 e:/stm32 cube ide/stm32cubeide_1.10.1/stm32cubeide/plugins/com.st.stm32cube.ide.mcu.externaltools.gnu-tools-for-stm32.10.3-2021.10.win32_1.0.0.202111181127/tools/bin/../lib/gcc/arm-none-eabi/10.3.1/../../../../arm-none-eabi/lib/thumb/v7e-m+fp/hard\libc_nano.a(lib_a-nano-vfprintf.o)
 .ARM.attributes
                0x000000000000085f       0x34 e:/stm32 cube ide/stm32cubeide_1.10.1/stm32cubeide/plugins/com.st.stm32cube.ide.mcu.externaltools.gnu-tools-for-stm32.10.3-2021.10.win32_1.0.0.202111181127/tools/bin/../lib/gcc/arm-none-eabi/10.3.1/../../../../arm-none-eabi/lib/thumb/v7e-m+fp/hard\libc_nano.a(lib_a-nano-vfprintf_i.o)
 .ARM.attributes
                0x0000000000000893       0x34 e:/stm32 cube ide/stm32cubeide_1.10.1/stm32cubeide/plugins/com.st.stm32cube.ide.mcu.externaltools.gnu-tools-for-stm32.10.3-2021.10.win32_1.0.0.202111181127/tools/bin/../lib/gcc/arm-none-eabi/10.3.1/../../../../arm-none-eabi/lib/thumb/v7e-m+fp/hard\libc_nano.a(lib_a-readr.o)
 .ARM.attributes
                0x00000000000008c7       0x34 e:/stm32 cube ide/stm32cubeide_1.10.1/stm32cubeide/plugins/com.st.stm32cube.ide.mcu.externaltools.gnu-tools-for-stm32.10.3-2021.10.win32_1.0.0.202111181127/tools/bin/../lib/gcc/arm-none-eabi/10.3.1/../../../../arm-none-eabi/lib/thumb/v7e-m+fp/hard\libc_nano.a(lib_a-reent.o)
 .ARM.attributes
                0x00000000000008fb       0x34 e:/stm32 cube ide/stm32cubeide_1.10.1/stm32cubeide/plugins/com.st.stm32cube.ide.mcu.externaltools.gnu-tools-for-stm32.10.3-2021.10.win32_1.0.0.202111181127/tools/bin/../lib/gcc/arm-none-eabi/10.3.1/../../../../arm-none-eabi/lib/thumb/v7e-m+fp/hard\libc_nano.a(lib_a-fstatr.o)
 .ARM.attributes
                0x000000000000092f       0x34 e:/stm32 cube ide/stm32cubeide_1.10.1/stm32cubeide/plugins/com.st.stm32cube.ide.mcu.externaltools.gnu-tools-for-stm32.10.3-2021.10.win32_1.0.0.202111181127/tools/bin/../lib/gcc/arm-none-eabi/10.3.1/../../../../arm-none-eabi/lib/thumb/v7e-m+fp/hard\libc_nano.a(lib_a-isattyr.o)
 .ARM.attributes
                0x0000000000000963       0x1c e:/stm32 cube ide/stm32cubeide_1.10.1/stm32cubeide/plugins/com.st.stm32cube.ide.mcu.externaltools.gnu-tools-for-stm32.10.3-2021.10.win32_1.0.0.202111181127/tools/bin/../lib/gcc/arm-none-eabi/10.3.1/../../../../arm-none-eabi/lib/thumb/v7e-m+fp/hard\libc_nano.a(lib_a-memchr.o)
 .ARM.attributes
                0x000000000000097f       0x1e e:/stm32 cube ide/stm32cubeide_1.10.1/stm32cubeide/plugins/com.st.stm32cube.ide.mcu.externaltools.gnu-tools-for-stm32.10.3-2021.10.win32_1.0.0.202111181127/tools/bin/../lib/gcc/arm-none-eabi/10.3.1/thumb/v7e-m+fp/hard\libgcc.a(_aeabi_uldivmod.o)
 .ARM.attributes
                0x000000000000099d       0x34 e:/stm32 cube ide/stm32cubeide_1.10.1/stm32cubeide/plugins/com.st.stm32cube.ide.mcu.externaltools.gnu-tools-for-stm32.10.3-2021.10.win32_1.0.0.202111181127/tools/bin/../lib/gcc/arm-none-eabi/10.3.1/thumb/v7e-m+fp/hard\libgcc.a(_udivmoddi4.o)
 .ARM.attributes
                0x00000000000009d1       0x1e e:/stm32 cube ide/stm32cubeide_1.10.1/stm32cubeide/plugins/com.st.stm32cube.ide.mcu.externaltools.gnu-tools-for-stm32.10.3-2021.10.win32_1.0.0.202111181127/tools/bin/../lib/gcc/arm-none-eabi/10.3.1/thumb/v7e-m+fp/hard\libgcc.a(_dvmd_tls.o)
 .ARM.attributes
                0x00000000000009ef       0x1e e:/stm32 cube ide/stm32cubeide_1.10.1/stm32cubeide/plugins/com.st.stm32cube.ide.mcu.externaltools.gnu-tools-for-stm32.10.3-2021.10.win32_1.0.0.202111181127/tools/bin/../lib/gcc/arm-none-eabi/10.3.1/thumb/v7e-m+fp/hard/crtn.o
OUTPUT(W5500_2.elf elf32-littlearm)
LOAD linker stubs
LOAD e:/stm32 cube ide/stm32cubeide_1.10.1/stm32cubeide/plugins/com.st.stm32cube.ide.mcu.externaltools.gnu-tools-for-stm32.10.3-2021.10.win32_1.0.0.202111181127/tools/bin/../lib/gcc/arm-none-eabi/10.3.1/../../../../arm-none-eabi/lib/thumb/v7e-m+fp/hard\libc.a
LOAD e:/stm32 cube ide/stm32cubeide_1.10.1/stm32cubeide/plugins/com.st.stm32cube.ide.mcu.externaltools.gnu-tools-for-stm32.10.3-2021.10.win32_1.0.0.202111181127/tools/bin/../lib/gcc/arm-none-eabi/10.3.1/../../../../arm-none-eabi/lib/thumb/v7e-m+fp/hard\libm.a
LOAD e:/stm32 cube ide/stm32cubeide_1.10.1/stm32cubeide/plugins/com.st.stm32cube.ide.mcu.externaltools.gnu-tools-for-stm32.10.3-2021.10.win32_1.0.0.202111181127/tools/bin/../lib/gcc/arm-none-eabi/10.3.1/thumb/v7e-m+fp/hard\libgcc.a

.debug_info     0x0000000000000000     0xbe71
 .debug_info    0x0000000000000000      0x586 ./Core/Src/Ethernet/W5500/w5500.o
 .debug_info    0x0000000000000586      0xd36 ./Core/Src/Ethernet/wizchip_conf.o
 .debug_info    0x00000000000012bc      0xf23 ./Core/Src/main.o
 .debug_info    0x00000000000021df      0xc76 ./Core/Src/stm32f4xx_hal_msp.o
 .debug_info    0x0000000000002e55      0x121 ./Core/Src/stm32f4xx_it.o
 .debug_info    0x0000000000002f76      0x6e0 ./Core/Src/syscalls.o
 .debug_info    0x0000000000003656      0x171 ./Core/Src/sysmem.o
 .debug_info    0x00000000000037c7      0x509 ./Core/Src/system_stm32f4xx.o
 .debug_info    0x0000000000003cd0      0xb0a ./Core/Src/w5500_interface.o
 .debug_info    0x00000000000047da       0x22 ./Core/Startup/startup_stm32f410rbtx.o
 .debug_info    0x00000000000047fc      0x8ae ./Drivers/STM32F4xx_HAL_Driver/Src/stm32f4xx_hal.o
 .debug_info    0x00000000000050aa      0xd6d ./Drivers/STM32F4xx_HAL_Driver/Src/stm32f4xx_hal_cortex.o
 .debug_info    0x0000000000005e17      0x76a ./Drivers/STM32F4xx_HAL_Driver/Src/stm32f4xx_hal_gpio.o
 .debug_info    0x0000000000006581      0x959 ./Drivers/STM32F4xx_HAL_Driver/Src/stm32f4xx_hal_rcc.o
 .debug_info    0x0000000000006eda      0x693 ./Drivers/STM32F4xx_HAL_Driver/Src/stm32f4xx_hal_rcc_ex.o
 .debug_info    0x000000000000756d     0x1750 ./Drivers/STM32F4xx_HAL_Driver/Src/stm32f4xx_hal_spi.o
 .debug_info    0x0000000000008cbd     0x31b4 ./Drivers/STM32F4xx_HAL_Driver/Src/stm32f4xx_hal_uart.o

.debug_abbrev   0x0000000000000000     0x20c5
 .debug_abbrev  0x0000000000000000      0x211 ./Core/Src/Ethernet/W5500/w5500.o
 .debug_abbrev  0x0000000000000211      0x30a ./Core/Src/Ethernet/wizchip_conf.o
 .debug_abbrev  0x000000000000051b      0x28e ./Core/Src/main.o
 .debug_abbrev  0x00000000000007a9      0x1b0 ./Core/Src/stm32f4xx_hal_msp.o
 .debug_abbrev  0x0000000000000959       0x74 ./Core/Src/stm32f4xx_it.o
 .debug_abbrev  0x00000000000009cd      0x1b3 ./Core/Src/syscalls.o
 .debug_abbrev  0x0000000000000b80       0xbb ./Core/Src/sysmem.o
 .debug_abbrev  0x0000000000000c3b      0x116 ./Core/Src/system_stm32f4xx.o
 .debug_abbrev  0x0000000000000d51      0x254 ./Core/Src/w5500_interface.o
 .debug_abbrev  0x0000000000000fa5       0x12 ./Core/Startup/startup_stm32f410rbtx.o
 .debug_abbrev  0x0000000000000fb7      0x23e ./Drivers/STM32F4xx_HAL_Driver/Src/stm32f4xx_hal.o
 .debug_abbrev  0x00000000000011f5      0x316 ./Drivers/STM32F4xx_HAL_Driver/Src/stm32f4xx_hal_cortex.o
 .debug_abbrev  0x000000000000150b      0x1c4 ./Drivers/STM32F4xx_HAL_Driver/Src/stm32f4xx_hal_gpio.o
 .debug_abbrev  0x00000000000016cf      0x2aa ./Drivers/STM32F4xx_HAL_Driver/Src/stm32f4xx_hal_rcc.o
 .debug_abbrev  0x0000000000001979      0x1d9 ./Drivers/STM32F4xx_HAL_Driver/Src/stm32f4xx_hal_rcc_ex.o
 .debug_abbrev  0x0000000000001b52      0x26e ./Drivers/STM32F4xx_HAL_Driver/Src/stm32f4xx_hal_spi.o
 .debug_abbrev  0x0000000000001dc0      0x305 ./Drivers/STM32F4xx_HAL_Driver/Src/stm32f4xx_hal_uart.o

.debug_aranges  0x0000000000000000      0xb08
 .debug_aranges
                0x0000000000000000       0x60 ./Core/Src/Ethernet/W5500/w5500.o
 .debug_aranges
                0x0000000000000060      0x138 ./Core/Src/Ethernet/wizchip_conf.o
 .debug_aranges
                0x0000000000000198       0x48 ./Core/Src/main.o
 .debug_aranges
                0x00000000000001e0       0x40 ./Core/Src/stm32f4xx_hal_msp.o
 .debug_aranges
                0x0000000000000220       0x60 ./Core/Src/stm32f4xx_it.o
 .debug_aranges
                0x0000000000000280       0xa8 ./Core/Src/syscalls.o
 .debug_aranges
                0x0000000000000328       0x20 ./Core/Src/sysmem.o
 .debug_aranges
                0x0000000000000348       0x28 ./Core/Src/system_stm32f4xx.o
 .debug_aranges
                0x0000000000000370       0x68 ./Core/Src/w5500_interface.o
 .debug_aranges
                0x00000000000003d8       0x28 ./Core/Startup/startup_stm32f410rbtx.o
 .debug_aranges
                0x0000000000000400       0xf0 ./Drivers/STM32F4xx_HAL_Driver/Src/stm32f4xx_hal.o
 .debug_aranges
                0x00000000000004f0      0x118 ./Drivers/STM32F4xx_HAL_Driver/Src/stm32f4xx_hal_cortex.o
 .debug_aranges
                0x0000000000000608       0x58 ./Drivers/STM32F4xx_HAL_Driver/Src/stm32f4xx_hal_gpio.o
 .debug_aranges
                0x0000000000000660       0x88 ./Drivers/STM32F4xx_HAL_Driver/Src/stm32f4xx_hal_rcc.o
 .debug_aranges
                0x00000000000006e8       0x50 ./Drivers/STM32F4xx_HAL_Driver/Src/stm32f4xx_hal_rcc_ex.o
 .debug_aranges
                0x0000000000000738      0x1d0 ./Drivers/STM32F4xx_HAL_Driver/Src/stm32f4xx_hal_spi.o
 .debug_aranges
                0x0000000000000908      0x200 ./Drivers/STM32F4xx_HAL_Driver/Src/stm32f4xx_hal_uart.o

.debug_ranges   0x0000000000000000      0xa30
 .debug_ranges  0x0000000000000000       0x50 ./Core/Src/Ethernet/W5500/w5500.o
 .debug_ranges  0x0000000000000050      0x128 ./Core/Src/Ethernet/wizchip_conf.o
 .debug_ranges  0x0000000000000178       0x38 ./Core/Src/main.o
 .debug_ranges  0x00000000000001b0       0x30 ./Core/Src/stm32f4xx_hal_msp.o
 .debug_ranges  0x00000000000001e0       0x50 ./Core/Src/stm32f4xx_it.o
 .debug_ranges  0x0000000000000230       0x98 ./Core/Src/syscalls.o
 .debug_ranges  0x00000000000002c8       0x10 ./Core/Src/sysmem.o
 .debug_ranges  0x00000000000002d8       0x18 ./Core/Src/system_stm32f4xx.o
 .debug_ranges  0x00000000000002f0       0x58 ./Core/Src/w5500_interface.o
 .debug_ranges  0x0000000000000348       0x20 ./Core/Startup/startup_stm32f410rbtx.o
 .debug_ranges  0x0000000000000368       0xe0 ./Drivers/STM32F4xx_HAL_Driver/Src/stm32f4xx_hal.o
 .debug_ranges  0x0000000000000448      0x108 ./Drivers/STM32F4xx_HAL_Driver/Src/stm32f4xx_hal_cortex.o
 .debug_ranges  0x0000000000000550       0x48 ./Drivers/STM32F4xx_HAL_Driver/Src/stm32f4xx_hal_gpio.o
 .debug_ranges  0x0000000000000598       0x78 ./Drivers/STM32F4xx_HAL_Driver/Src/stm32f4xx_hal_rcc.o
 .debug_ranges  0x0000000000000610       0x40 ./Drivers/STM32F4xx_HAL_Driver/Src/stm32f4xx_hal_rcc_ex.o
 .debug_ranges  0x0000000000000650      0x1c0 ./Drivers/STM32F4xx_HAL_Driver/Src/stm32f4xx_hal_spi.o
 .debug_ranges  0x0000000000000810      0x220 ./Drivers/STM32F4xx_HAL_Driver/Src/stm32f4xx_hal_uart.o

.debug_macro    0x0000000000000000     0x3e83
 .debug_macro   0x0000000000000000       0x9d ./Core/Src/Ethernet/W5500/w5500.o
 .debug_macro   0x000000000000009d      0xa78 ./Core/Src/Ethernet/W5500/w5500.o
 .debug_macro   0x0000000000000b15       0x22 ./Core/Src/Ethernet/W5500/w5500.o
 .debug_macro   0x0000000000000b37       0x8e ./Core/Src/Ethernet/W5500/w5500.o
 .debug_macro   0x0000000000000bc5       0x51 ./Core/Src/Ethernet/W5500/w5500.o
 .debug_macro   0x0000000000000c16      0x103 ./Core/Src/Ethernet/W5500/w5500.o
 .debug_macro   0x0000000000000d19       0x6a ./Core/Src/Ethernet/W5500/w5500.o
 .debug_macro   0x0000000000000d83      0x1df ./Core/Src/Ethernet/W5500/w5500.o
 .debug_macro   0x0000000000000f62       0x6c ./Core/Src/Ethernet/W5500/w5500.o
 .debug_macro   0x0000000000000fce       0x66 ./Core/Src/Ethernet/W5500/w5500.o
 .debug_macro   0x0000000000001034      0x5e7 ./Core/Src/Ethernet/W5500/w5500.o
 .debug_macro   0x000000000000161b       0x94 ./Core/Src/Ethernet/wizchip_conf.o
 .debug_macro   0x00000000000016af      0x174 ./Core/Src/Ethernet/wizchip_conf.o
 .debug_macro   0x0000000000001823      0x39c ./Core/Src/main.o
 .debug_macro   0x0000000000001bbf       0x5c ./Core/Src/main.o
 .debug_macro   0x0000000000001c1b       0x58 ./Core/Src/main.o
 .debug_macro   0x0000000000001c73       0x1c ./Core/Src/main.o
 .debug_macro   0x0000000000001c8f       0x28 ./Core/Src/main.o
 .debug_macro   0x0000000000001cb7      0x1d3 ./Core/Src/stm32f4xx_hal_msp.o
 .debug_macro   0x0000000000001e8a      0x1dd ./Core/Src/stm32f4xx_it.o
 .debug_macro   0x0000000000002067      0x24c ./Core/Src/syscalls.o
 .debug_macro   0x00000000000022b3       0x10 ./Core/Src/syscalls.o
 .debug_macro   0x00000000000022c3       0x10 ./Core/Src/syscalls.o
 .debug_macro   0x00000000000022d3       0x35 ./Core/Src/syscalls.o
 .debug_macro   0x0000000000002308      0x12c ./Core/Src/syscalls.o
 .debug_macro   0x0000000000002434       0x10 ./Core/Src/syscalls.o
 .debug_macro   0x0000000000002444      0x241 ./Core/Src/syscalls.o
 .debug_macro   0x0000000000002685       0x10 ./Core/Src/syscalls.o
 .debug_macro   0x0000000000002695      0x189 ./Core/Src/syscalls.o
 .debug_macro   0x000000000000281e       0x16 ./Core/Src/syscalls.o
 .debug_macro   0x0000000000002834       0xce ./Core/Src/syscalls.o
 .debug_macro   0x0000000000002902       0xff ./Core/Src/sysmem.o
 .debug_macro   0x0000000000002a01      0x23b ./Core/Src/sysmem.o
 .debug_macro   0x0000000000002c3c      0x1c4 ./Core/Src/system_stm32f4xx.o
 .debug_macro   0x0000000000002e00      0x38d ./Core/Src/w5500_interface.o
 .debug_macro   0x000000000000318d      0x224 ./Drivers/STM32F4xx_HAL_Driver/Src/stm32f4xx_hal.o
 .debug_macro   0x00000000000033b1      0x1c4 ./Drivers/STM32F4xx_HAL_Driver/Src/stm32f4xx_hal_cortex.o
 .debug_macro   0x0000000000003575      0x1ca ./Drivers/STM32F4xx_HAL_Driver/Src/stm32f4xx_hal_gpio.o
 .debug_macro   0x000000000000373f      0x1e8 ./Drivers/STM32F4xx_HAL_Driver/Src/stm32f4xx_hal_rcc.o
 .debug_macro   0x0000000000003927      0x1c4 ./Drivers/STM32F4xx_HAL_Driver/Src/stm32f4xx_hal_rcc_ex.o
 .debug_macro   0x0000000000003aeb      0x1d3 ./Drivers/STM32F4xx_HAL_Driver/Src/stm32f4xx_hal_spi.o
 .debug_macro   0x0000000000003cbe      0x1c5 ./Drivers/STM32F4xx_HAL_Driver/Src/stm32f4xx_hal_uart.o

.debug_line     0x0000000000000000     0xccd8
 .debug_line    0x0000000000000000      0x713 ./Core/Src/Ethernet/W5500/w5500.o
 .debug_line    0x0000000000000713      0xb14 ./Core/Src/Ethernet/wizchip_conf.o
 .debug_line    0x0000000000001227      0xaa3 ./Core/Src/main.o
 .debug_line    0x0000000000001cca      0x76c ./Core/Src/stm32f4xx_hal_msp.o
 .debug_line    0x0000000000002436      0x794 ./Core/Src/stm32f4xx_it.o
 .debug_line    0x0000000000002bca      0x830 ./Core/Src/syscalls.o
 .debug_line    0x00000000000033fa      0x526 ./Core/Src/sysmem.o
 .debug_line    0x0000000000003920      0x753 ./Core/Src/system_stm32f4xx.o
 .debug_line    0x0000000000004073      0xa46 ./Core/Src/w5500_interface.o
 .debug_line    0x0000000000004ab9       0x88 ./Core/Startup/startup_stm32f410rbtx.o
 .debug_line    0x0000000000004b41      0x9b7 ./Drivers/STM32F4xx_HAL_Driver/Src/stm32f4xx_hal.o
 .debug_line    0x00000000000054f8      0xc68 ./Drivers/STM32F4xx_HAL_Driver/Src/stm32f4xx_hal_cortex.o
 .debug_line    0x0000000000006160      0xac9 ./Drivers/STM32F4xx_HAL_Driver/Src/stm32f4xx_hal_gpio.o
 .debug_line    0x0000000000006c29      0xd43 ./Drivers/STM32F4xx_HAL_Driver/Src/stm32f4xx_hal_rcc.o
 .debug_line    0x000000000000796c      0xccb ./Drivers/STM32F4xx_HAL_Driver/Src/stm32f4xx_hal_rcc_ex.o
 .debug_line    0x0000000000008637     0x1c43 ./Drivers/STM32F4xx_HAL_Driver/Src/stm32f4xx_hal_spi.o
 .debug_line    0x000000000000a27a     0x2a5e ./Drivers/STM32F4xx_HAL_Driver/Src/stm32f4xx_hal_uart.o

.debug_str      0x0000000000000000    0x7d5a2
 .debug_str     0x0000000000000000     0x677a ./Core/Src/Ethernet/W5500/w5500.o
                                       0x6929 (size before relaxing)
 .debug_str     0x000000000000677a      0x905 ./Core/Src/Ethernet/wizchip_conf.o
                                       0x71df (size before relaxing)
 .debug_str     0x000000000000707f    0x72cba ./Core/Src/main.o
                                      0x79865 (size before relaxing)
 .debug_str     0x0000000000079d39       0xaa ./Core/Src/stm32f4xx_hal_msp.o
                                      0x72919 (size before relaxing)
 .debug_str     0x0000000000079de3       0xc9 ./Core/Src/stm32f4xx_it.o
                                      0x721f7 (size before relaxing)
 .debug_str     0x0000000000079eac     0x1747 ./Core/Src/syscalls.o
                                       0x8a54 (size before relaxing)
 .debug_str     0x000000000007b5f3       0x6b ./Core/Src/sysmem.o
                                       0x5d90 (size before relaxing)
 .debug_str     0x000000000007b65e       0xdb ./Core/Src/system_stm32f4xx.o
                                      0x721de (size before relaxing)
 .debug_str     0x000000000007b739      0x13b ./Core/Src/w5500_interface.o
                                      0x795b5 (size before relaxing)
 .debug_str     0x000000000007b874       0x36 ./Core/Startup/startup_stm32f410rbtx.o
                                         0x52 (size before relaxing)
 .debug_str     0x000000000007b8aa      0x950 ./Drivers/STM32F4xx_HAL_Driver/Src/stm32f4xx_hal.o
                                      0x72bd4 (size before relaxing)
 .debug_str     0x000000000007c1fa      0x354 ./Drivers/STM32F4xx_HAL_Driver/Src/stm32f4xx_hal_cortex.o
                                      0x72924 (size before relaxing)
 .debug_str     0x000000000007c54e      0x11c ./Drivers/STM32F4xx_HAL_Driver/Src/stm32f4xx_hal_gpio.o
                                      0x7235f (size before relaxing)
 .debug_str     0x000000000007c66a      0x233 ./Drivers/STM32F4xx_HAL_Driver/Src/stm32f4xx_hal_rcc.o
                                      0x72617 (size before relaxing)
 .debug_str     0x000000000007c89d      0x17f ./Drivers/STM32F4xx_HAL_Driver/Src/stm32f4xx_hal_rcc_ex.o
                                      0x7242a (size before relaxing)
 .debug_str     0x000000000007ca1c      0x581 ./Drivers/STM32F4xx_HAL_Driver/Src/stm32f4xx_hal_spi.o
                                      0x72abf (size before relaxing)
 .debug_str     0x000000000007cf9d      0x605 ./Drivers/STM32F4xx_HAL_Driver/Src/stm32f4xx_hal_uart.o
                                      0x72bce (size before relaxing)

.comment        0x0000000000000000       0x50
 .comment       0x0000000000000000       0x50 ./Core/Src/Ethernet/W5500/w5500.o
                                         0x51 (size before relaxing)
 .comment       0x0000000000000050       0x51 ./Core/Src/Ethernet/wizchip_conf.o
 .comment       0x0000000000000050       0x51 ./Core/Src/main.o
 .comment       0x0000000000000050       0x51 ./Core/Src/stm32f4xx_hal_msp.o
 .comment       0x0000000000000050       0x51 ./Core/Src/stm32f4xx_it.o
 .comment       0x0000000000000050       0x51 ./Core/Src/syscalls.o
 .comment       0x0000000000000050       0x51 ./Core/Src/sysmem.o
 .comment       0x0000000000000050       0x51 ./Core/Src/system_stm32f4xx.o
 .comment       0x0000000000000050       0x51 ./Core/Src/w5500_interface.o
 .comment       0x0000000000000050       0x51 ./Drivers/STM32F4xx_HAL_Driver/Src/stm32f4xx_hal.o
 .comment       0x0000000000000050       0x51 ./Drivers/STM32F4xx_HAL_Driver/Src/stm32f4xx_hal_cortex.o
 .comment       0x0000000000000050       0x51 ./Drivers/STM32F4xx_HAL_Driver/Src/stm32f4xx_hal_gpio.o
 .comment       0x0000000000000050       0x51 ./Drivers/STM32F4xx_HAL_Driver/Src/stm32f4xx_hal_rcc.o
 .comment       0x0000000000000050       0x51 ./Drivers/STM32F4xx_HAL_Driver/Src/stm32f4xx_hal_rcc_ex.o
 .comment       0x0000000000000050       0x51 ./Drivers/STM32F4xx_HAL_Driver/Src/stm32f4xx_hal_spi.o
 .comment       0x0000000000000050       0x51 ./Drivers/STM32F4xx_HAL_Driver/Src/stm32f4xx_hal_uart.o

.debug_frame    0x0000000000000000     0x3470
 .debug_frame   0x0000000000000000      0x16c ./Core/Src/Ethernet/W5500/w5500.o
 .debug_frame   0x000000000000016c      0x534 ./Core/Src/Ethernet/wizchip_conf.o
 .debug_frame   0x00000000000006a0       0xc8 ./Core/Src/main.o
 .debug_frame   0x0000000000000768       0xc4 ./Core/Src/stm32f4xx_hal_msp.o
 .debug_frame   0x000000000000082c      0x104 ./Core/Src/stm32f4xx_it.o
 .debug_frame   0x0000000000000930      0x2ac ./Core/Src/syscalls.o
 .debug_frame   0x0000000000000bdc       0x34 ./Core/Src/sysmem.o
 .debug_frame   0x0000000000000c10       0x58 ./Core/Src/system_stm32f4xx.o
 .debug_frame   0x0000000000000c68      0x160 ./Core/Src/w5500_interface.o
 .debug_frame   0x0000000000000dc8      0x374 ./Drivers/STM32F4xx_HAL_Driver/Src/stm32f4xx_hal.o
 .debug_frame   0x000000000000113c      0x498 ./Drivers/STM32F4xx_HAL_Driver/Src/stm32f4xx_hal_cortex.o
 .debug_frame   0x00000000000015d4      0x14c ./Drivers/STM32F4xx_HAL_Driver/Src/stm32f4xx_hal_gpio.o
 .debug_frame   0x0000000000001720      0x1f4 ./Drivers/STM32F4xx_HAL_Driver/Src/stm32f4xx_hal_rcc.o
 .debug_frame   0x0000000000001914      0x120 ./Drivers/STM32F4xx_HAL_Driver/Src/stm32f4xx_hal_rcc_ex.o